Archive member included because of file (symbol)

c:/stm32/gcc-arm-none-eabi-4_8-131228/bin/../lib/gcc/arm-none-eabi/4.8.3/../../../../arm-none-eabi/lib/armv7-m\libm.a(lib_a-s_sin.o)
                              src\main.o (sin)
c:/stm32/gcc-arm-none-eabi-4_8-131228/bin/../lib/gcc/arm-none-eabi/4.8.3/../../../../arm-none-eabi/lib/armv7-m\libm.a(lib_a-e_rem_pio2.o)
                              c:/stm32/gcc-arm-none-eabi-4_8-131228/bin/../lib/gcc/arm-none-eabi/4.8.3/../../../../arm-none-eabi/lib/armv7-m\libm.a(lib_a-s_sin.o) (__ieee754_rem_pio2)
c:/stm32/gcc-arm-none-eabi-4_8-131228/bin/../lib/gcc/arm-none-eabi/4.8.3/../../../../arm-none-eabi/lib/armv7-m\libm.a(lib_a-k_cos.o)
                              c:/stm32/gcc-arm-none-eabi-4_8-131228/bin/../lib/gcc/arm-none-eabi/4.8.3/../../../../arm-none-eabi/lib/armv7-m\libm.a(lib_a-s_sin.o) (__kernel_cos)
c:/stm32/gcc-arm-none-eabi-4_8-131228/bin/../lib/gcc/arm-none-eabi/4.8.3/../../../../arm-none-eabi/lib/armv7-m\libm.a(lib_a-k_rem_pio2.o)
                              c:/stm32/gcc-arm-none-eabi-4_8-131228/bin/../lib/gcc/arm-none-eabi/4.8.3/../../../../arm-none-eabi/lib/armv7-m\libm.a(lib_a-e_rem_pio2.o) (__kernel_rem_pio2)
c:/stm32/gcc-arm-none-eabi-4_8-131228/bin/../lib/gcc/arm-none-eabi/4.8.3/../../../../arm-none-eabi/lib/armv7-m\libm.a(lib_a-k_sin.o)
                              c:/stm32/gcc-arm-none-eabi-4_8-131228/bin/../lib/gcc/arm-none-eabi/4.8.3/../../../../arm-none-eabi/lib/armv7-m\libm.a(lib_a-s_sin.o) (__kernel_sin)
c:/stm32/gcc-arm-none-eabi-4_8-131228/bin/../lib/gcc/arm-none-eabi/4.8.3/../../../../arm-none-eabi/lib/armv7-m\libm.a(lib_a-s_fabs.o)
                              c:/stm32/gcc-arm-none-eabi-4_8-131228/bin/../lib/gcc/arm-none-eabi/4.8.3/../../../../arm-none-eabi/lib/armv7-m\libm.a(lib_a-e_rem_pio2.o) (fabs)
c:/stm32/gcc-arm-none-eabi-4_8-131228/bin/../lib/gcc/arm-none-eabi/4.8.3/../../../../arm-none-eabi/lib/armv7-m\libm.a(lib_a-s_floor.o)
                              c:/stm32/gcc-arm-none-eabi-4_8-131228/bin/../lib/gcc/arm-none-eabi/4.8.3/../../../../arm-none-eabi/lib/armv7-m\libm.a(lib_a-k_rem_pio2.o) (floor)
c:/stm32/gcc-arm-none-eabi-4_8-131228/bin/../lib/gcc/arm-none-eabi/4.8.3/../../../../arm-none-eabi/lib/armv7-m\libm.a(lib_a-s_scalbn.o)
                              c:/stm32/gcc-arm-none-eabi-4_8-131228/bin/../lib/gcc/arm-none-eabi/4.8.3/../../../../arm-none-eabi/lib/armv7-m\libm.a(lib_a-k_rem_pio2.o) (scalbn)
c:/stm32/gcc-arm-none-eabi-4_8-131228/bin/../lib/gcc/arm-none-eabi/4.8.3/../../../../arm-none-eabi/lib/armv7-m\libm.a(lib_a-s_copysign.o)
                              c:/stm32/gcc-arm-none-eabi-4_8-131228/bin/../lib/gcc/arm-none-eabi/4.8.3/../../../../arm-none-eabi/lib/armv7-m\libm.a(lib_a-s_scalbn.o) (copysign)
c:/stm32/gcc-arm-none-eabi-4_8-131228/bin/../lib/gcc/arm-none-eabi/4.8.3/armv7-m\libgcc.a(_arm_addsubdf3.o)
                              c:/stm32/gcc-arm-none-eabi-4_8-131228/bin/../lib/gcc/arm-none-eabi/4.8.3/../../../../arm-none-eabi/lib/armv7-m\libm.a(lib_a-s_sin.o) (__aeabi_dsub)
c:/stm32/gcc-arm-none-eabi-4_8-131228/bin/../lib/gcc/arm-none-eabi/4.8.3/armv7-m\libgcc.a(_arm_muldivdf3.o)
                              src\main.o (__aeabi_dmul)
c:/stm32/gcc-arm-none-eabi-4_8-131228/bin/../lib/gcc/arm-none-eabi/4.8.3/armv7-m\libgcc.a(_arm_cmpdf2.o)
                              c:/stm32/gcc-arm-none-eabi-4_8-131228/bin/../lib/gcc/arm-none-eabi/4.8.3/../../../../arm-none-eabi/lib/armv7-m\libm.a(lib_a-e_rem_pio2.o) (__aeabi_dcmpeq)
c:/stm32/gcc-arm-none-eabi-4_8-131228/bin/../lib/gcc/arm-none-eabi/4.8.3/armv7-m\libgcc.a(_arm_fixdfsi.o)
                              src\main.o (__aeabi_d2iz)
c:/stm32/gcc-arm-none-eabi-4_8-131228/bin/../lib/gcc/arm-none-eabi/4.8.3/armv7-m\libgcc.a(_aeabi_ldivmod.o)
                              src\MyFun\handlers.o (__aeabi_ldivmod)
c:/stm32/gcc-arm-none-eabi-4_8-131228/bin/../lib/gcc/arm-none-eabi/4.8.3/armv7-m\libgcc.a(bpabi.o)
                              c:/stm32/gcc-arm-none-eabi-4_8-131228/bin/../lib/gcc/arm-none-eabi/4.8.3/armv7-m\libgcc.a(_aeabi_ldivmod.o) (__gnu_ldivmod_helper)
c:/stm32/gcc-arm-none-eabi-4_8-131228/bin/../lib/gcc/arm-none-eabi/4.8.3/armv7-m\libgcc.a(_dvmd_tls.o)
                              c:/stm32/gcc-arm-none-eabi-4_8-131228/bin/../lib/gcc/arm-none-eabi/4.8.3/armv7-m\libgcc.a(_aeabi_ldivmod.o) (__aeabi_ldiv0)
c:/stm32/gcc-arm-none-eabi-4_8-131228/bin/../lib/gcc/arm-none-eabi/4.8.3/armv7-m\libgcc.a(_divdi3.o)
                              c:/stm32/gcc-arm-none-eabi-4_8-131228/bin/../lib/gcc/arm-none-eabi/4.8.3/armv7-m\libgcc.a(bpabi.o) (__divdi3)
c:/stm32/gcc-arm-none-eabi-4_8-131228/bin/../lib/gcc/arm-none-eabi/4.8.3/armv7-m\libgcc.a(_udivdi3.o)
                              c:/stm32/gcc-arm-none-eabi-4_8-131228/bin/../lib/gcc/arm-none-eabi/4.8.3/armv7-m\libgcc.a(bpabi.o) (__udivdi3)
c:/stm32/gcc-arm-none-eabi-4_8-131228/bin/../lib/gcc/arm-none-eabi/4.8.3/../../../../arm-none-eabi/lib/armv7-m\libg.a(lib_a-errno.o)
[...]
Memory Configuration

Name             Origin             Length             Attributes
RAM              0x0000000020000000 0x0000000000005000 xrw
CCMRAM           0x0000000000000000 0x0000000000000000 xrw
FLASH            0x0000000008000000 0x0000000000020000 xr
FLASHB1          0x0000000000000000 0x0000000000000000 xr
EXTMEMB0         0x0000000000000000 0x0000000000000000 xr
EXTMEMB1         0x0000000000000000 0x0000000000000000 xr
EXTMEMB2         0x0000000000000000 0x0000000000000000 xr
EXTMEMB3         0x0000000000000000 0x0000000000000000 xr
MEMORY_ARRAY     0x0000000000000000 0x0000000000000000 xrw
*default*        0x0000000000000000 0xffffffffffffffff

Linker script and memory map

LOAD src\main.o
LOAD src\MyFun\main_fun.o
LOAD src\MyFun\init_fun.o
LOAD src\MyFun\handlers.o
LOAD libs\misc\src\trace_impl.o
LOAD libs\misc\src\_write.o
LOAD libs\misc\src\_sbrk.o
LOAD libs\cmsis\src\vectors_stm32f10x.o
LOAD libs\cmsis\src\system_stm32f10x.o
LOAD libs\cmsis\src\startup_stm32f10x.o
LOAD libs\cmsis\src\startup_cm.o
LOAD libs\cmsis\src\core_cm3.o
LOAD libs\StdPeriph\src\stm32f10x_wwdg.o
LOAD libs\StdPeriph\src\stm32f10x_usart.o
LOAD libs\StdPeriph\src\stm32f10x_tim.o
LOAD libs\StdPeriph\src\stm32f10x_spi.o
LOAD libs\StdPeriph\src\stm32f10x_sdio.o
LOAD libs\StdPeriph\src\stm32f10x_rtc.o
LOAD libs\StdPeriph\src\stm32f10x_rcc.o
LOAD libs\StdPeriph\src\stm32f10x_pwr.o
LOAD libs\StdPeriph\src\stm32f10x_iwdg.o
LOAD libs\StdPeriph\src\stm32f10x_i2c.o
LOAD libs\StdPeriph\src\stm32f10x_gpio.o
LOAD libs\StdPeriph\src\stm32f10x_fsmc.o
LOAD libs\StdPeriph\src\stm32f10x_flash.o
LOAD libs\StdPeriph\src\stm32f10x_exti.o
LOAD libs\StdPeriph\src\stm32f10x_dma.o
LOAD libs\StdPeriph\src\stm32f10x_dbgmcu.o
LOAD libs\StdPeriph\src\stm32f10x_dac.o
LOAD libs\StdPeriph\src\stm32f10x_crc.o
LOAD libs\StdPeriph\src\stm32f10x_cec.o
LOAD libs\StdPeriph\src\stm32f10x_can.o
LOAD libs\StdPeriph\src\stm32f10x_bkp.o
LOAD libs\StdPeriph\src\stm32f10x_adc.o
LOAD libs\StdPeriph\src\misc.o
LOAD c:/stm32/gcc-arm-none-eabi-4_8-131228/bin/../lib/gcc/arm-none-eabi/4.8.3/../../../../arm-none-eabi/lib/armv7-m\libstdc++.a
LOAD c:/stm32/gcc-arm-none-eabi-4_8-131228/bin/../lib/gcc/arm-none-eabi/4.8.3/../../../../arm-none-eabi/lib/armv7-m\libm.a
START GROUP
LOAD c:/stm32/gcc-arm-none-eabi-4_8-131228/bin/../lib/gcc/arm-none-eabi/4.8.3/armv7-m\libgcc.a
LOAD c:/stm32/gcc-arm-none-eabi-4_8-131228/bin/../lib/gcc/arm-none-eabi/4.8.3/../../../../arm-none-eabi/lib/armv7-m\libg.a
LOAD c:/stm32/gcc-arm-none-eabi-4_8-131228/bin/../lib/gcc/arm-none-eabi/4.8.3/../../../../arm-none-eabi/lib/armv7-m\libc.a
END GROUP
START GROUP
LOAD c:/stm32/gcc-arm-none-eabi-4_8-131228/bin/../lib/gcc/arm-none-eabi/4.8.3/armv7-m\libgcc.a
LOAD c:/stm32/gcc-arm-none-eabi-4_8-131228/bin/../lib/gcc/arm-none-eabi/4.8.3/../../../../arm-none-eabi/lib/armv7-m\libg.a
LOAD c:/stm32/gcc-arm-none-eabi-4_8-131228/bin/../lib/gcc/arm-none-eabi/4.8.3/../../../../arm-none-eabi/lib/armv7-m\libc.a
LOAD c:/stm32/gcc-arm-none-eabi-4_8-131228/bin/../lib/gcc/arm-none-eabi/4.8.3/../../../../arm-none-eabi/lib/armv7-m\libm.a
LOAD c:/stm32/gcc-arm-none-eabi-4_8-131228/bin/../lib/gcc/arm-none-eabi/4.8.3/../../../../arm-none-eabi/lib/armv7-m\libnosys.a
END GROUP
                0x0000000020005000                __stack = (ORIGIN (RAM) + 0x5000)
                0x0000000020005000                _estack = __stack
                0x0000000000000400                __Main_Stack_Size = 0x400
                0x0000000000000400                PROVIDE (_Main_Stack_Size, __Main_Stack_Size)
                0x0000000020004c00                __Main_Stack_Limit = (__stack - __Main_Stack_Size)
                0x0000000020004c00                PROVIDE (_Main_Stack_Limit, __Main_Stack_Limit)
                0x0000000000000100                _Minimum_Stack_Size = 0x100
                0x0000000020000828                PROVIDE (_Heap_Begin, _end_noinit)
                0x0000000020004c00                PROVIDE (_Heap_Limit, (__stack - _Main_Stack_Size))

.isr_vector     0x0000000008000000      0x1ec
                0x0000000008000000                . = ALIGN (0x4)
 *(.isr_vector)
 .isr_vector    0x0000000008000000      0x10c libs\cmsis\src\vectors_stm32f10x.o
                0x0000000008000000                g_pfnVectors
 *(.after_vectors .after_vectors.*)
 .after_vectors
                0x000000000800010c       0x54 libs\cmsis\src\vectors_stm32f10x.o
                0x000000000800010c                RTC_Alarm_IRQHandler
                0x000000000800010c                EXTI2_IRQHandler
                0x000000000800010c                TIM8_TRG_COM_IRQHandler
                0x000000000800010c                TIM8_CC_IRQHandler
                0x000000000800010c                DMA2_Channel3_IRQHandler
                0x000000000800010c                TIM1_CC_IRQHandler
                0x000000000800010c                USBWakeUp_IRQHandler
                0x000000000800010c                TIM6_IRQHandler
                0x000000000800010c                I2C1_ER_IRQHandler
                0x000000000800010c                PVD_IRQHandler
                0x000000000800010c                SDIO_IRQHandler
                0x000000000800010c                SPI3_IRQHandler
                0x000000000800010c                OTG_FS_IRQHandler
                0x000000000800010c                CAN2_RX1_IRQHandler
                0x000000000800010c                EXTI3_IRQHandler
                0x000000000800010c                TIM8_TRG_COM_TIM14_IRQHandler
                0x000000000800010c                TIM1_UP_TIM10_IRQHandler
                0x000000000800010c                TIM8_UP_TIM13_IRQHandler
                0x000000000800010c                EXTI0_IRQHandler
                0x000000000800010c                I2C2_EV_IRQHandler
                0x000000000800010c                CAN1_RX0_IRQHandler
                0x000000000800010c                TIM1_UP_TIM16_IRQHandler
                0x000000000800010c                USART1_IRQHandler
                0x000000000800010c                CAN2_SCE_IRQHandler
                0x000000000800010c                ADC1_2_IRQHandler
                0x000000000800010c                SPI1_IRQHandler
                0x000000000800010c                TAMPER_IRQHandler
                0x000000000800010c                TIM6_DAC_IRQHandler
                0x000000000800010c                TIM1_BRK_TIM9_IRQHandler
                0x000000000800010c                CAN2_RX0_IRQHandler
                0x000000000800010c                TIM8_UP_IRQHandler
                0x000000000800010c                DMA2_Channel2_IRQHandler
                0x000000000800010c                DMA1_Channel4_IRQHandler
                0x000000000800010c                RTC_IRQHandler
                0x000000000800010c                DMA1_Channel7_IRQHandler
                0x000000000800010c                CAN1_RX1_IRQHandler
                0x000000000800010c                UART5_IRQHandler
                0x000000000800010c                ADC3_IRQHandler
                0x000000000800010c                TIM4_IRQHandler
                0x000000000800010c                DMA2_Channel1_IRQHandler
                0x000000000800010c                I2C1_EV_IRQHandler
                0x000000000800010c                DMA1_Channel6_IRQHandler
                0x000000000800010c                UART4_IRQHandler
                0x000000000800010c                DMA2_Channel4_IRQHandler
                0x000000000800010c                RCC_IRQHandler
                0x000000000800010c                TIM8_BRK_TIM12_IRQHandler
                0x000000000800010c                TIM1_TRG_COM_IRQHandler
                0x000000000800010c                Default_Handler
                0x000000000800010c                CEC_IRQHandler
                0x000000000800010c                EXTI15_10_IRQHandler
                0x000000000800010c                TIM14_IRQHandler
                0x000000000800010c                TIM13_IRQHandler
                0x000000000800010c                TIM12_IRQHandler
                0x000000000800010c                TIM7_IRQHandler
                0x000000000800010c                CAN2_TX_IRQHandler
                0x000000000800010c                TIM5_IRQHandler
                0x000000000800010c                EXTI9_5_IRQHandler
                0x000000000800010c                ETH_WKUP_IRQHandler
                0x000000000800010c                SPI2_IRQHandler
                0x000000000800010c                FLASH_IRQHandler
                0x000000000800010c                CAN1_TX_IRQHandler
                0x000000000800010c                CAN1_SCE_IRQHandler
                0x000000000800010c                DMA2_Channel5_IRQHandler
                0x000000000800010c                DMA1_Channel5_IRQHandler
                0x000000000800010c                EXTI4_IRQHandler
                0x000000000800010c                USB_LP_CAN1_RX0_IRQHandler
                0x000000000800010c                TIM1_TRG_COM_TIM17_IRQHandler
                0x000000000800010c                USB_HP_CAN1_TX_IRQHandler
                0x000000000800010c                DMA1_Channel3_IRQHandler
                0x000000000800010c                FSMC_IRQHandler
                0x000000000800010c                ETH_IRQHandler
                0x000000000800010c                TIM1_UP_IRQHandler
                0x000000000800010c                WWDG_IRQHandler
                0x000000000800010c                TIM2_IRQHandler
                0x000000000800010c                OTG_FS_WKUP_IRQHandler
                0x000000000800010c                TIM1_TRG_COM_TIM11_IRQHandler
                0x000000000800010c                TIM1_BRK_IRQHandler
                0x000000000800010c                EXTI1_IRQHandler
                0x000000000800010c                DMA2_Channel4_5_IRQHandler
                0x000000000800010c                USART2_IRQHandler
                0x000000000800010c                I2C2_ER_IRQHandler
                0x000000000800010c                DMA1_Channel2_IRQHandler
                0x000000000800010c                TIM8_BRK_IRQHandler
                0x000000000800010c                TIM1_BRK_TIM15_IRQHandler
                0x0000000008000114                NMI_Handler
                0x000000000800011c                HardFault_Handler
                0x0000000008000124                MemManage_Handler
                0x000000000800012c                BusFault_Handler
                0x0000000008000134                UsageFault_Handler
                0x000000000800013c                SVC_Handler
                0x0000000008000144                DebugMon_Handler
                0x000000000800014c                PendSV_Handler
                0x0000000008000154                SysTick_Handler
 .after_vectors
                0x0000000008000160       0x8c libs\cmsis\src\startup_cm.o
                0x0000000008000160                Reset_Handler
                0x00000000080001a4                system_init
                0x00000000080001ec                . = ALIGN (0x4)

._inits         0x00000000080001ec        0x4
                0x00000000080001ec                . = ALIGN (0x4)
 *(.init)
 *(.fini)
                0x00000000080001ec                . = ALIGN (0x4)
                0x00000000080001ec                PROVIDE (__preinit_array_start, .)
 *(.preinit_array_sysinit .preinit_array_sysinit.*)
 .preinit_array_sysinit
                0x00000000080001ec        0x4 libs\cmsis\src\startup_cm.o
                0x00000000080001ec                p_system_init
 *(.preinit_array_platform .preinit_array_platform.*)
 *(.preinit_array .preinit_array.*)
                0x00000000080001f0                PROVIDE (__preinit_array_end, .)
                0x00000000080001f0                . = ALIGN (0x4)
                0x00000000080001f0                PROVIDE (__init_array_start, .)
 *(SORT(.init_array.*))
 *(.init_array)
                0x00000000080001f0                PROVIDE (__init_array_end, .)
                0x00000000080001f0                . = ALIGN (0x4)
                0x00000000080001f0                PROVIDE (__fini_array_start, .)
 *(SORT(.fini_array.*))
 *(.fini_array)
                0x00000000080001f0                PROVIDE (__fini_array_end, .)
                0x00000000080001f0                . = ALIGN (0x4)

.flashtext      0x00000000080001f0        0x0
                0x00000000080001f0                . = ALIGN (0x4)
 *(.flashtext .flashtext.*)
                0x00000000080001f0                . = ALIGN (0x4)

.text           0x00000000080001f0     0x5b10
                0x00000000080001f0                . = ALIGN (0x4)
 *(.text .text.*)
 .text.main     0x00000000080001f0       0xb4 src\main.o
                0x00000000080001f0                main
 *fill*         0x00000000080002a4        0x4 
 .text.tablicowaniesin
                0x00000000080002a8       0x88 src\main.o
                0x00000000080002a8                tablicowaniesin
 .text.SendDataByUSART
                0x0000000008000330       0x8c src\MyFun\main_fun.o
                0x0000000008000330                SendDataByUSART
 .text.Delay    0x00000000080003bc       0x28 src\MyFun\main_fun.o
                0x00000000080003bc                Delay
 .text.TimingDelay_Decrement
                0x00000000080003e4       0x24 src\MyFun\main_fun.o
                0x00000000080003e4                TimingDelay_Decrement
 .text.ActionCalibrateForce
                0x0000000008000408       0x54 src\MyFun\main_fun.o
                0x0000000008000408                ActionCalibrateForce
 .text.ActionCalibratePosition
                0x000000000800045c       0x20 src\MyFun\main_fun.o
                0x000000000800045c                ActionCalibratePosition
 .text.SwitchReader
                0x000000000800047c       0x60 src\MyFun\main_fun.o
                0x000000000800047c                SwitchReader
 .text.ForceConvertion
                0x00000000080004dc       0x20 src\MyFun\main_fun.o
                0x00000000080004dc                ForceConvertion
 .text.PositionConvertion
                0x00000000080004fc       0xac src\MyFun\main_fun.o
                0x00000000080004fc                PositionConvertion
 .text.PID_SET  0x00000000080005a8       0x34 src\MyFun\main_fun.o
                0x00000000080005a8                PID_SET
 .text.MotorOffHighImp
                0x00000000080005dc       0x24 src\MyFun\main_fun.o
                0x00000000080005dc                MotorOffHighImp
 .text.MotorOffLowImp
                0x0000000008000600       0x24 src\MyFun\main_fun.o
                0x0000000008000600                MotorOffLowImp
 .text.MotorDirectControl
                0x0000000008000624      0x12c src\MyFun\main_fun.o
                0x0000000008000624                MotorDirectControl
 .text.MotorForceCalculation
                0x0000000008000750      0x184 src\MyFun\main_fun.o
                0x0000000008000750                MotorForceCalculation
 .text.MotorForceControl
                0x00000000080008d4       0x60 src\MyFun\main_fun.o
                0x00000000080008d4                MotorForceControl
 .text.MotorSpeedControl
                0x0000000008000934        0xc src\MyFun\main_fun.o
                0x0000000008000934                MotorSpeedControl
 .text.MotorPositionCalculation
                0x0000000008000940      0x14c src\MyFun\main_fun.o
                0x0000000008000940                MotorPositionCalculation
 .text.MotorPositionControl
                0x0000000008000a8c       0x5c src\MyFun\main_fun.o
                0x0000000008000a8c                MotorPositionControl
 .text.MotorFuzzyControl
                0x0000000008000ae8       0x5c src\MyFun\main_fun.o
                0x0000000008000ae8                MotorFuzzyControl
 .text.StateTabInterpreter
                0x0000000008000b44       0xd0 src\MyFun\main_fun.o
                0x0000000008000b44                StateTabInterpreter
 .text.NVIC_SetPriority
                0x0000000008000c14       0x54 src\MyFun\init_fun.o
 .text.SysTick_Config
                0x0000000008000c68       0x44 src\MyFun\init_fun.o
 .text.InitRCC  0x0000000008000cac       0x74 src\MyFun\init_fun.o
                0x0000000008000cac                InitRCC
 .text.GPIO_Conf_AllToAIN
                0x0000000008000d20       0x5c src\MyFun\init_fun.o
                0x0000000008000d20                GPIO_Conf_AllToAIN
 .text.InitNVIC
                0x0000000008000d7c       0x54 src\MyFun\init_fun.o
                0x0000000008000d7c                InitNVIC
 .text.InitSwitch
                0x0000000008000dd0       0x30 src\MyFun\init_fun.o
                0x0000000008000dd0                InitSwitch
 .text.InitADC  0x0000000008000e00       0xac src\MyFun\init_fun.o
                0x0000000008000e00                InitADC
 .text.InitDMA  0x0000000008000eac       0x74 src\MyFun\init_fun.o
                0x0000000008000eac                InitDMA
 .text.InitUSART
                0x0000000008000f20       0xc0 src\MyFun\init_fun.o
                0x0000000008000f20                InitUSART
 .text.InitPWMMotorInterface
                0x0000000008000fe0       0xf4 src\MyFun\init_fun.o
                0x0000000008000fe0                InitPWMMotorInterface
 .text.InitPulseCounter
                0x00000000080010d4       0xbc src\MyFun\init_fun.o
                0x00000000080010d4                InitPulseCounter
 .text.InitAbsoluteEncoderInterface
                0x0000000008001190      0x10c src\MyFun\init_fun.o
                0x0000000008001190                InitAbsoluteEncoderInterface
 .text.InitStateTab
                0x000000000800129c       0x50 src\MyFun\init_fun.o
                0x000000000800129c                InitStateTab
 .text.InitAll  0x00000000080012ec      0x1c0 src\MyFun\init_fun.o
                0x00000000080012ec                InitAll
 .text.DMA1_Channel1_IRQHandler
                0x00000000080014ac      0x110 src\MyFun\handlers.o
                0x00000000080014ac                DMA1_Channel1_IRQHandler
 .text.USART3_IRQHandler
                0x00000000080015bc      0x468 src\MyFun\handlers.o
                0x00000000080015bc                USART3_IRQHandler
 .text.TIM3_IRQHandler
                0x0000000008001a24      0x1c4 src\MyFun\handlers.o
                0x0000000008001a24                TIM3_IRQHandler
 .text.SystemInit
                0x0000000008001be8       0x68 libs\cmsis\src\system_stm32f10x.o
                0x0000000008001be8                SystemInit
 .text.SetSysClock
                0x0000000008001c50        0xc libs\cmsis\src\system_stm32f10x.o
 .text.SetSysClockTo72
                0x0000000008001c5c      0x100 libs\cmsis\src\system_stm32f10x.o
 .text._exit    0x0000000008001d5c        0xc libs\cmsis\src\startup_stm32f10x.o
                0x0000000008001d5c                _exit
 .text.__libc_init_array
                0x0000000008001d68       0x6c libs\cmsis\src\startup_cm.o
                0x0000000008001d68                __libc_init_array
 .text.__libc_fini_array
                0x0000000008001dd4       0x3c libs\cmsis\src\startup_cm.o
                0x0000000008001dd4                __libc_fini_array
 .text.USART_Init
                0x0000000008001e10      0x174 libs\StdPeriph\src\stm32f10x_usart.o
                0x0000000008001e10                USART_Init
 .text.USART_Cmd
                0x0000000008001f84       0x40 libs\StdPeriph\src\stm32f10x_usart.o
                0x0000000008001f84                USART_Cmd
 .text.USART_ITConfig
                0x0000000008001fc4       0x90 libs\StdPeriph\src\stm32f10x_usart.o
                0x0000000008001fc4                USART_ITConfig
 .text.USART_SendData
                0x0000000008002054       0x24 libs\StdPeriph\src\stm32f10x_usart.o
                0x0000000008002054                USART_SendData
 .text.USART_ReceiveData
                0x0000000008002078       0x20 libs\StdPeriph\src\stm32f10x_usart.o
                0x0000000008002078                USART_ReceiveData
 .text.USART_GetFlagStatus
                0x0000000008002098       0x38 libs\StdPeriph\src\stm32f10x_usart.o
                0x0000000008002098                USART_GetFlagStatus
 .text.USART_GetITStatus
                0x00000000080020d0       0xb0 libs\StdPeriph\src\stm32f10x_usart.o
                0x00000000080020d0                USART_GetITStatus
 .text.TIM_TimeBaseInit
                0x0000000008002180       0xf8 libs\StdPeriph\src\stm32f10x_tim.o
                0x0000000008002180                TIM_TimeBaseInit
 .text.TIM_OC1Init
                0x0000000008002278      0x118 libs\StdPeriph\src\stm32f10x_tim.o
                0x0000000008002278                TIM_OC1Init
 .text.TIM_OC2Init
                0x0000000008002390      0x110 libs\StdPeriph\src\stm32f10x_tim.o
                0x0000000008002390                TIM_OC2Init
 .text.TIM_OC4Init
                0x00000000080024a0       0xd0 libs\StdPeriph\src\stm32f10x_tim.o
                0x00000000080024a0                TIM_OC4Init
 .text.TIM_PWMIConfig
                0x0000000008002570       0xb8 libs\StdPeriph\src\stm32f10x_tim.o
                0x0000000008002570                TIM_PWMIConfig
 .text.TIM_Cmd  0x0000000008002628       0x40 libs\StdPeriph\src\stm32f10x_tim.o
                0x0000000008002628                TIM_Cmd
 .text.TIM_ITConfig
                0x0000000008002668       0x48 libs\StdPeriph\src\stm32f10x_tim.o
                0x0000000008002668                TIM_ITConfig
 .text.TIM_SelectInputTrigger
                0x00000000080026b0       0x38 libs\StdPeriph\src\stm32f10x_tim.o
                0x00000000080026b0                TIM_SelectInputTrigger
 .text.TIM_ARRPreloadConfig
                0x00000000080026e8       0x40 libs\StdPeriph\src\stm32f10x_tim.o
                0x00000000080026e8                TIM_ARRPreloadConfig
 .text.TIM_OC1PreloadConfig
                0x0000000008002728       0x38 libs\StdPeriph\src\stm32f10x_tim.o
                0x0000000008002728                TIM_OC1PreloadConfig
 .text.TIM_OC2PreloadConfig
                0x0000000008002760       0x3c libs\StdPeriph\src\stm32f10x_tim.o
                0x0000000008002760                TIM_OC2PreloadConfig
 .text.TIM_OC4PreloadConfig
                0x000000000800279c       0x3c libs\StdPeriph\src\stm32f10x_tim.o
                0x000000000800279c                TIM_OC4PreloadConfig
 .text.TIM_CCxCmd
                0x00000000080027d8       0x54 libs\StdPeriph\src\stm32f10x_tim.o
                0x00000000080027d8                TIM_CCxCmd
 .text.TIM_SelectSlaveMode
                0x000000000800282c       0x38 libs\StdPeriph\src\stm32f10x_tim.o
                0x000000000800282c                TIM_SelectSlaveMode
 .text.TIM_SelectMasterSlaveMode
                0x0000000008002864       0x38 libs\StdPeriph\src\stm32f10x_tim.o
                0x0000000008002864                TIM_SelectMasterSlaveMode
 .text.TIM_SetCompare1
                0x000000000800289c       0x1c libs\StdPeriph\src\stm32f10x_tim.o
                0x000000000800289c                TIM_SetCompare1
 .text.TIM_SetCompare2
                0x00000000080028b8       0x1c libs\StdPeriph\src\stm32f10x_tim.o
                0x00000000080028b8                TIM_SetCompare2
 .text.TIM_SetIC1Prescaler
                0x00000000080028d4       0x38 libs\StdPeriph\src\stm32f10x_tim.o
                0x00000000080028d4                TIM_SetIC1Prescaler
 .text.TIM_SetIC2Prescaler
                0x000000000800290c       0x3c libs\StdPeriph\src\stm32f10x_tim.o
                0x000000000800290c                TIM_SetIC2Prescaler
 .text.TIM_GetCapture2
                0x0000000008002948       0x1c libs\StdPeriph\src\stm32f10x_tim.o
                0x0000000008002948                TIM_GetCapture2
 .text.TIM_GetITStatus
                0x0000000008002964       0x54 libs\StdPeriph\src\stm32f10x_tim.o
                0x0000000008002964                TIM_GetITStatus
 .text.TIM_ClearITPendingBit
                0x00000000080029b8       0x20 libs\StdPeriph\src\stm32f10x_tim.o
                0x00000000080029b8                TIM_ClearITPendingBit
 .text.TI1_Config
                0x00000000080029d8       0xd4 libs\StdPeriph\src\stm32f10x_tim.o
 .text.TI2_Config
                0x0000000008002aac       0xe8 libs\StdPeriph\src\stm32f10x_tim.o
 .text.RCC_DeInit
                0x0000000008002b94       0x5c libs\StdPeriph\src\stm32f10x_rcc.o
                0x0000000008002b94                RCC_DeInit
 .text.RCC_HSEConfig
                0x0000000008002bf0       0x5c libs\StdPeriph\src\stm32f10x_rcc.o
                0x0000000008002bf0                RCC_HSEConfig
 .text.RCC_PLLConfig
                0x0000000008002c4c       0x3c libs\StdPeriph\src\stm32f10x_rcc.o
                0x0000000008002c4c                RCC_PLLConfig
 .text.RCC_PLLCmd
                0x0000000008002c88       0x20 libs\StdPeriph\src\stm32f10x_rcc.o
                0x0000000008002c88                RCC_PLLCmd
 .text.RCC_SYSCLKConfig
                0x0000000008002ca8       0x38 libs\StdPeriph\src\stm32f10x_rcc.o
                0x0000000008002ca8                RCC_SYSCLKConfig
 .text.RCC_GetSYSCLKSource
                0x0000000008002ce0       0x20 libs\StdPeriph\src\stm32f10x_rcc.o
                0x0000000008002ce0                RCC_GetSYSCLKSource
 .text.RCC_HCLKConfig
                0x0000000008002d00       0x38 libs\StdPeriph\src\stm32f10x_rcc.o
                0x0000000008002d00                RCC_HCLKConfig
 .text.RCC_PCLK1Config
                0x0000000008002d38       0x38 libs\StdPeriph\src\stm32f10x_rcc.o
                0x0000000008002d38                RCC_PCLK1Config
 .text.RCC_PCLK2Config
                0x0000000008002d70       0x38 libs\StdPeriph\src\stm32f10x_rcc.o
                0x0000000008002d70                RCC_PCLK2Config
 .text.RCC_ADCCLKConfig
                0x0000000008002da8       0x38 libs\StdPeriph\src\stm32f10x_rcc.o
                0x0000000008002da8                RCC_ADCCLKConfig
 .text.RCC_GetClocksFreq
                0x0000000008002de0      0x164 libs\StdPeriph\src\stm32f10x_rcc.o
                0x0000000008002de0                RCC_GetClocksFreq
 .text.RCC_AHBPeriphClockCmd
                0x0000000008002f44       0x3c libs\StdPeriph\src\stm32f10x_rcc.o
                0x0000000008002f44                RCC_AHBPeriphClockCmd
 .text.RCC_APB2PeriphClockCmd
                0x0000000008002f80       0x3c libs\StdPeriph\src\stm32f10x_rcc.o
                0x0000000008002f80                RCC_APB2PeriphClockCmd
 .text.RCC_APB1PeriphClockCmd
                0x0000000008002fbc       0x3c libs\StdPeriph\src\stm32f10x_rcc.o
                0x0000000008002fbc                RCC_APB1PeriphClockCmd
 .text.RCC_GetFlagStatus
                0x0000000008002ff8       0x74 libs\StdPeriph\src\stm32f10x_rcc.o
                0x0000000008002ff8                RCC_GetFlagStatus
 .text.GPIO_Init
                0x000000000800306c      0x178 libs\StdPeriph\src\stm32f10x_gpio.o
                0x000000000800306c                GPIO_Init
 .text.GPIO_ReadInputDataBit
                0x00000000080031e4       0x34 libs\StdPeriph\src\stm32f10x_gpio.o
                0x00000000080031e4                GPIO_ReadInputDataBit
 .text.GPIO_SetBits
                0x0000000008003218       0x1c libs\StdPeriph\src\stm32f10x_gpio.o
                0x0000000008003218                GPIO_SetBits
 .text.GPIO_ResetBits
                0x0000000008003234       0x1c libs\StdPeriph\src\stm32f10x_gpio.o
                0x0000000008003234                GPIO_ResetBits
 .text.GPIO_WriteBit
                0x0000000008003250       0x30 libs\StdPeriph\src\stm32f10x_gpio.o
                0x0000000008003250                GPIO_WriteBit
 .text.FLASH_SetLatency
                0x0000000008003280       0x38 libs\StdPeriph\src\stm32f10x_flash.o
                0x0000000008003280                FLASH_SetLatency
 .text.FLASH_PrefetchBufferCmd
                0x00000000080032b8       0x30 libs\StdPeriph\src\stm32f10x_flash.o
                0x00000000080032b8                FLASH_PrefetchBufferCmd
 .text.DMA_DeInit
                0x00000000080032e8      0x178 libs\StdPeriph\src\stm32f10x_dma.o
                0x00000000080032e8                DMA_DeInit
 .text.DMA_Init
                0x0000000008003460       0x7c libs\StdPeriph\src\stm32f10x_dma.o
                0x0000000008003460                DMA_Init
 .text.DMA_Cmd  0x00000000080034dc       0x38 libs\StdPeriph\src\stm32f10x_dma.o
                0x00000000080034dc                DMA_Cmd
 .text.DMA_ITConfig
                0x0000000008003514       0x3c libs\StdPeriph\src\stm32f10x_dma.o
                0x0000000008003514                DMA_ITConfig
 .text.DMA_ClearFlag
                0x0000000008003550       0x34 libs\StdPeriph\src\stm32f10x_dma.o
                0x0000000008003550                DMA_ClearFlag
 .text.ADC_Init
                0x0000000008003584       0xa4 libs\StdPeriph\src\stm32f10x_adc.o
                0x0000000008003584                ADC_Init
 .text.ADC_Cmd  0x0000000008003628       0x38 libs\StdPeriph\src\stm32f10x_adc.o
                0x0000000008003628                ADC_Cmd
 .text.ADC_DMACmd
                0x0000000008003660       0x38 libs\StdPeriph\src\stm32f10x_adc.o
                0x0000000008003660                ADC_DMACmd
 .text.ADC_ResetCalibration
                0x0000000008003698       0x20 libs\StdPeriph\src\stm32f10x_adc.o
                0x0000000008003698                ADC_ResetCalibration
 .text.ADC_GetResetCalibrationStatus
                0x00000000080036b8       0x30 libs\StdPeriph\src\stm32f10x_adc.o
                0x00000000080036b8                ADC_GetResetCalibrationStatus
 .text.ADC_StartCalibration
                0x00000000080036e8       0x20 libs\StdPeriph\src\stm32f10x_adc.o
                0x00000000080036e8                ADC_StartCalibration
 .text.ADC_GetCalibrationStatus
                0x0000000008003708       0x30 libs\StdPeriph\src\stm32f10x_adc.o
                0x0000000008003708                ADC_GetCalibrationStatus
 .text.ADC_SoftwareStartConvCmd
                0x0000000008003738       0x38 libs\StdPeriph\src\stm32f10x_adc.o
                0x0000000008003738                ADC_SoftwareStartConvCmd
 .text.ADC_RegularChannelConfig
                0x0000000008003770      0x188 libs\StdPeriph\src\stm32f10x_adc.o
                0x0000000008003770                ADC_RegularChannelConfig
 .text.NVIC_PriorityGroupConfig
                0x00000000080038f8       0x24 libs\StdPeriph\src\misc.o
                0x00000000080038f8                NVIC_PriorityGroupConfig
 .text.NVIC_Init
                0x000000000800391c       0xc0 libs\StdPeriph\src\misc.o
                0x000000000800391c                NVIC_Init
 .text.sin      0x00000000080039dc       0x94 c:/stm32/gcc-arm-none-eabi-4_8-131228/bin/../lib/gcc/arm-none-eabi/4.8.3/../../../../arm-none-eabi/lib/armv7-m\libm.a(lib_a-s_sin.o)
                0x00000000080039dc                sin
 .text.__ieee754_rem_pio2
                0x0000000008003a70      0x440 c:/stm32/gcc-arm-none-eabi-4_8-131228/bin/../lib/gcc/arm-none-eabi/4.8.3/../../../../arm-none-eabi/lib/armv7-m\libm.a(lib_a-e_rem_pio2.o)
                0x0000000008003a70                __ieee754_rem_pio2
 .text.__kernel_cos
                0x0000000008003eb0      0x248 c:/stm32/gcc-arm-none-eabi-4_8-131228/bin/../lib/gcc/arm-none-eabi/4.8.3/../../../../arm-none-eabi/lib/armv7-m\libm.a(lib_a-k_cos.o)
                0x0000000008003eb0                __kernel_cos
 .text.__kernel_rem_pio2
                0x00000000080040f8      0x7bc c:/stm32/gcc-arm-none-eabi-4_8-131228/bin/../lib/gcc/arm-none-eabi/4.8.3/../../../../arm-none-eabi/lib/armv7-m\libm.a(lib_a-k_rem_pio2.o)
                0x00000000080040f8                __kernel_rem_pio2
 *fill*         0x00000000080048b4        0x4 
 .text.__kernel_sin
                0x00000000080048b8      0x170 c:/stm32/gcc-arm-none-eabi-4_8-131228/bin/../lib/gcc/arm-none-eabi/4.8.3/../../../../arm-none-eabi/lib/armv7-m\libm.a(lib_a-k_sin.o)
                0x00000000080048b8                __kernel_sin
 .text.fabs     0x0000000008004a28        0x8 c:/stm32/gcc-arm-none-eabi-4_8-131228/bin/../lib/gcc/arm-none-eabi/4.8.3/../../../../arm-none-eabi/lib/armv7-m\libm.a(lib_a-s_fabs.o)
                0x0000000008004a28                fabs
 .text.floor    0x0000000008004a30      0x120 c:/stm32/gcc-arm-none-eabi-4_8-131228/bin/../lib/gcc/arm-none-eabi/4.8.3/../../../../arm-none-eabi/lib/armv7-m\libm.a(lib_a-s_floor.o)
                0x0000000008004a30                floor
 .text.scalbn   0x0000000008004b50      0x100 c:/stm32/gcc-arm-none-eabi-4_8-131228/bin/../lib/gcc/arm-none-eabi/4.8.3/../../../../arm-none-eabi/lib/armv7-m\libm.a(lib_a-s_scalbn.o)
                0x0000000008004b50                scalbn
 .text.copysign
                0x0000000008004c50       0x14 c:/stm32/gcc-arm-none-eabi-4_8-131228/bin/../lib/gcc/arm-none-eabi/4.8.3/../../../../arm-none-eabi/lib/armv7-m\libm.a(lib_a-s_copysign.o)
                0x0000000008004c50                copysign
 .text          0x0000000008004c64      0x370 c:/stm32/gcc-arm-none-eabi-4_8-131228/bin/../lib/gcc/arm-none-eabi/4.8.3/armv7-m\libgcc.a(_arm_addsubdf3.o)
                0x0000000008004c64                __aeabi_drsub
                0x0000000008004c6c                __aeabi_dsub
                0x0000000008004c6c                __subdf3
                0x0000000008004c70                __aeabi_dadd
                0x0000000008004c70                __adddf3
                0x0000000008004ee8                __floatunsidf
                0x0000000008004ee8                __aeabi_ui2d
                0x0000000008004f08                __floatsidf
                0x0000000008004f08                __aeabi_i2d
                0x0000000008004f2c                __aeabi_f2d
                0x0000000008004f2c                __extendsfdf2
                0x0000000008004f68                __floatundidf
                0x0000000008004f68                __aeabi_ul2d
                0x0000000008004f78                __floatdidf
                0x0000000008004f78                __aeabi_l2d
 .text          0x0000000008004fd4      0x424 c:/stm32/gcc-arm-none-eabi-4_8-131228/bin/../lib/gcc/arm-none-eabi/4.8.3/armv7-m\libgcc.a(_arm_muldivdf3.o)
                0x0000000008004fd4                __aeabi_dmul
                0x0000000008004fd4                __muldf3
                0x0000000008005228                __divdf3
                0x0000000008005228                __aeabi_ddiv
 .text          0x00000000080053f8      0x110 c:/stm32/gcc-arm-none-eabi-4_8-131228/bin/../lib/gcc/arm-none-eabi/4.8.3/armv7-m\libgcc.a(_arm_cmpdf2.o)
                0x00000000080053f8                __gtdf2
                0x00000000080053f8                __gedf2
                0x0000000008005400                __ltdf2
                0x0000000008005400                __ledf2
                0x0000000008005408                __nedf2
                0x0000000008005408                __eqdf2
                0x0000000008005408                __cmpdf2
                0x0000000008005484                __aeabi_cdrcmple
                0x0000000008005494                __aeabi_cdcmpeq
                0x0000000008005494                __aeabi_cdcmple
                0x00000000080054a4                __aeabi_dcmpeq
                0x00000000080054b8                __aeabi_dcmplt
                0x00000000080054cc                __aeabi_dcmple
                0x00000000080054e0                __aeabi_dcmpge
                0x00000000080054f4                __aeabi_dcmpgt
 .text          0x0000000008005508       0x50 c:/stm32/gcc-arm-none-eabi-4_8-131228/bin/../lib/gcc/arm-none-eabi/4.8.3/armv7-m\libgcc.a(_arm_fixdfsi.o)
                0x0000000008005508                __aeabi_d2iz
                0x0000000008005508                __fixdfsi
 .text          0x0000000008005558       0x38 c:/stm32/gcc-arm-none-eabi-4_8-131228/bin/../lib/gcc/arm-none-eabi/4.8.3/armv7-m\libgcc.a(_aeabi_ldivmod.o)
                0x0000000008005558                __aeabi_ldivmod
 .text          0x0000000008005590       0x60 c:/stm32/gcc-arm-none-eabi-4_8-131228/bin/../lib/gcc/arm-none-eabi/4.8.3/armv7-m\libgcc.a(bpabi.o)
                0x0000000008005590                __gnu_ldivmod_helper
                0x00000000080055c0                __gnu_uldivmod_helper
 .text          0x00000000080055f0        0x4 c:/stm32/gcc-arm-none-eabi-4_8-131228/bin/../lib/gcc/arm-none-eabi/4.8.3/armv7-m\libgcc.a(_dvmd_tls.o)
                0x00000000080055f0                __aeabi_idiv0
                0x00000000080055f0                __aeabi_ldiv0
 .text          0x00000000080055f4      0x2a0 c:/stm32/gcc-arm-none-eabi-4_8-131228/bin/../lib/gcc/arm-none-eabi/4.8.3/armv7-m\libgcc.a(_divdi3.o)
                0x00000000080055f4                __divdi3
 .text          0x0000000008005894      0x290 c:/stm32/gcc-arm-none-eabi-4_8-131228/bin/../lib/gcc/arm-none-eabi/4.8.3/armv7-m\libgcc.a(_udivdi3.o)
                0x0000000008005894                __udivdi3
 *(.rodata .rodata.*)
 .rodata.npio2_hw
                0x0000000008005b24       0x80 c:/stm32/gcc-arm-none-eabi-4_8-131228/bin/../lib/gcc/arm-none-eabi/4.8.3/../../../../arm-none-eabi/lib/armv7-m\libm.a(lib_a-e_rem_pio2.o)
 .rodata.two_over_pi
                0x0000000008005ba4      0x108 c:/stm32/gcc-arm-none-eabi-4_8-131228/bin/../lib/gcc/arm-none-eabi/4.8.3/../../../../arm-none-eabi/lib/armv7-m\libm.a(lib_a-e_rem_pio2.o)
 .rodata.init_jk
                0x0000000008005cac       0x10 c:/stm32/gcc-arm-none-eabi-4_8-131228/bin/../lib/gcc/arm-none-eabi/4.8.3/../../../../arm-none-eabi/lib/armv7-m\libm.a(lib_a-k_rem_pio2.o)
 *fill*         0x0000000008005cbc        0x4 
 .rodata.PIo2   0x0000000008005cc0       0x40 c:/stm32/gcc-arm-none-eabi-4_8-131228/bin/../lib/gcc/arm-none-eabi/4.8.3/../../../../arm-none-eabi/lib/armv7-m\libm.a(lib_a-k_rem_pio2.o)
 *(.eh_frame*)
 *(.glue_7)
 .glue_7        0x0000000000000000        0x0 linker stubs
 *(.glue_7t)
 .glue_7t       0x0000000000000000        0x0 linker stubs

.vfp11_veneer   0x0000000008005d00        0x0
 .vfp11_veneer  0x0000000000000000        0x0 linker stubs

.v4_bx          0x0000000008005d00        0x0
 .v4_bx         0x0000000000000000        0x0 linker stubs

.iplt           0x0000000008005d00        0x0
 .iplt          0x0000000000000000        0x0 src\main.o

.ARM.extab
 *(.ARM.extab* .gnu.linkonce.armextab.*)
                0x0000000008005d00                __exidx_start = .

.ARM.exidx      0x0000000008005d00        0x8
 *(.ARM.exidx* .gnu.linkonce.armexidx.*)
 .ARM.exidx     0x0000000008005d00        0x8 c:/stm32/gcc-arm-none-eabi-4_8-131228/bin/../lib/gcc/arm-none-eabi/4.8.3/armv7-m\libgcc.a(_divdi3.o)
 .ARM.exidx     0x0000000008005d08        0x0 c:/stm32/gcc-arm-none-eabi-4_8-131228/bin/../lib/gcc/arm-none-eabi/4.8.3/armv7-m\libgcc.a(_udivdi3.o)
                                          0x8 (size before relaxing)
                0x0000000008005d08                __exidx_end = .

.rel.dyn        0x0000000008005d08        0x0
 .rel.iplt      0x0000000000000000        0x0 src\main.o
                0x0000000008005d08                . = ALIGN (0x4)
                0x0000000008005d08                _etext = .
                0x0000000008005d08                _sidata = _etext

.ROarraySection
 *(.ROarraySection .ROarraySection.*)

.data           0x0000000020000000       0x6c load address 0x0000000008005d08
                0x0000000020000000                . = ALIGN (0x4)
                0x0000000020000000                _sdata = .
                0x0000000020000000                __data_start__ = .
 *(vtable)
 *(EXCLUDE_FILE(*rdimon-crt0.o) .data .data.*)
 .data.sgwag    0x0000000020000000       0x54 src\MyFun\handlers.o
                0x0000000020000000                sgwag
 .data.SystemCoreClock
                0x0000000020000054        0x4 libs\cmsis\src\system_stm32f10x.o
                0x0000000020000054                SystemCoreClock
 .data.APBAHBPrescTable
                0x0000000020000058       0x10 libs\StdPeriph\src\stm32f10x_rcc.o
 .data.ADCPrescTable
                0x0000000020000068        0x4 libs\StdPeriph\src\stm32f10x_rcc.o
                0x000000002000006c                . = ALIGN (0x4)
                0x000000002000006c                _edata = .
                0x000000002000006c                __data_end__ = .

.igot.plt       0x000000002000006c        0x0 load address 0x0000000008005d74
 .igot.plt      0x0000000000000000        0x0 src\main.o

.bss            0x0000000020000070      0x7b8 load address 0x0000000008005d78
                0x0000000020000070                . = ALIGN (0x4)
 *rdimon-crt0.o(.data)
                0x0000000020000070                . = ALIGN (0x4)
                0x0000000020000070                __bss_start__ = .
                0x0000000020000070                _sbss = .
 *(.bss .bss.*)
 .bss.indeks.6912
                0x0000000020000070        0x2 src\MyFun\handlers.o
 .bss.j.6913    0x0000000020000072        0x1 src\MyFun\handlers.o
 *(COMMON)
 *fill*         0x0000000020000073        0x1 
 COMMON         0x0000000020000074      0x2fc src\main.o
                0x0000000020000074                adcTabPart
                0x000000002000007c                ZeroPos
                0x0000000020000080                timingDelay
                0x0000000020000084                czas2
                0x0000000020000088                adcTabAverage
                0x000000002000008e                czas1
                0x0000000020000090                sinTab
                0x0000000020000360                Amplitude
                0x0000000020000364                Frequency
                0x0000000020000368                adcTab
                0x000000002000036e                adcCount
 COMMON         0x0000000020000370      0x49c src\MyFun\main_fun.o
                0x0000000020000370                OUTPUT_DIR
                0x0000000020000374                integMemForce
                0x0000000020000378                PID_POSITION
                0x0000000020000384                integMemPosition
                0x0000000020000388                tempSendTab
                0x0000000020000488                help2
                0x0000000020000490                derivMemForce
                0x00000000200004b8                derivMemPosition
                0x00000000200004bc                pidTabPosition
                0x00000000200004cc                txCounter
                0x00000000200004d0                derivSumPosition
                0x00000000200004d4                PID_FORCE
                0x00000000200004e0                stateTab
                0x00000000200005e0                txLength
                0x00000000200005e4                derivIterForce
                0x00000000200005e8                pidTabForce
                0x00000000200005f8                derivSumForcePast
                0x00000000200005fc                rxBuffer
                0x00000000200006fc                derivIterPosition
                0x0000000020000700                derivSumForce
                0x0000000020000704                txBuffer
                0x0000000020000804                rxCounter
                0x0000000020000806                menuPosition
                0x0000000020000808                derivSumPositionPast
 *fill*         0x000000002000080c        0x4 
 COMMON         0x0000000020000810       0x18 src\MyFun\handlers.o
                0x0000000020000810                tmpSG
                0x0000000020000828                . = ALIGN (0x4)
                0x0000000020000828                __bss_end__ = .
                0x0000000020000828                _ebss = .

.noinit         0x0000000020000828        0x0
                0x0000000020000828                . = ALIGN (0x4)
                0x0000000020000828                _noinit = .
 *(.noinit .noinit.*)
                0x0000000020000828                . = ALIGN (0x4)
                0x0000000020000828                _end_noinit = .
                0x0000000020000828                PROVIDE (end, _end_noinit)
                0x0000000020000828                PROVIDE (_end, _end_noinit)
                0x0000000020000828                PROVIDE (__end, _end_noinit)
                0x0000000020000828                PROVIDE (__end__, _end_noinit)

._check_stack   0x0000000020000828      0x100 load address 0x0000000008006530
                0x0000000020000828                . = ALIGN (0x4)
                0x0000000020000928                . = (. + _Minimum_Stack_Size)
 *fill*         0x0000000020000828      0x100 
                0x0000000020000928                . = ALIGN (0x4)

.bss_CCMRAM
 *(.bss.CCMRAM .bss.CCMRAM.*)

.b1text
 *(.b1text)
 *(.b1rodata)
 *(.b1rodata.*)

.eb0text
 *(.eb0text)
 *(.eb0rodata)
 *(.eb0rodata.*)

.eb1text
 *(.eb1text)
 *(.eb1rodata)
 *(.eb1rodata.*)

.eb2text
 *(.eb2text)
 *(.eb2rodata)
 *(.eb2rodata.*)

.eb3text
 *(.eb3text)
 *(.eb3rodata)
 *(.eb3rodata.*)

.stab
 *(.stab)

.stabstr
 *(.stabstr)

.stab.excl
 *(.stab.excl)

.stab.exclstr
 *(.stab.exclstr)

.stab.index
 *(.stab.index)

.stab.indexstr
 *(.stab.indexstr)

.comment        0x0000000000000000       0x67
 *(.comment)
 .comment       0x0000000000000000       0x67 src\main.o
                                         0x68 (size before relaxing)
 .comment       0x0000000000000000       0x68 src\MyFun\main_fun.o
 .comment       0x0000000000000000       0x68 src\MyFun\init_fun.o
 .comment       0x0000000000000000       0x68 src\MyFun\handlers.o
 .comment       0x0000000000000000       0x68 libs\cmsis\src\vectors_stm32f10x.o
 .comment       0x0000000000000000       0x68 libs\cmsis\src\system_stm32f10x.o
 .comment       0x0000000000000000       0x68 libs\cmsis\src\startup_stm32f10x.o
 .comment       0x0000000000000000       0x68 libs\cmsis\src\startup_cm.o
 .comment       0x0000000000000000       0x68 libs\StdPeriph\src\stm32f10x_usart.o
 .comment       0x0000000000000000       0x68 libs\StdPeriph\src\stm32f10x_tim.o
 .comment       0x0000000000000000       0x68 libs\StdPeriph\src\stm32f10x_rcc.o
 .comment       0x0000000000000000       0x68 libs\StdPeriph\src\stm32f10x_gpio.o
 .comment       0x0000000000000000       0x68 libs\StdPeriph\src\stm32f10x_flash.o
 .comment       0x0000000000000000       0x68 libs\StdPeriph\src\stm32f10x_dma.o
 .comment       0x0000000000000000       0x68 libs\StdPeriph\src\stm32f10x_adc.o
 .comment       0x0000000000000000       0x68 libs\StdPeriph\src\misc.o
 .comment       0x0000000000000000       0x68 c:/stm32/gcc-arm-none-eabi-4_8-131228/bin/../lib/gcc/arm-none-eabi/4.8.3/../../../../arm-none-eabi/lib/armv7-m\libm.a(lib_a-s_sin.o)
 .comment       0x0000000000000000       0x68 c:/stm32/gcc-arm-none-eabi-4_8-131228/bin/../lib/gcc/arm-none-eabi/4.8.3/../../../../arm-none-eabi/lib/armv7-m\libm.a(lib_a-e_rem_pio2.o)
 .comment       0x0000000000000000       0x68 c:/stm32/gcc-arm-none-eabi-4_8-131228/bin/../lib/gcc/arm-none-eabi/4.8.3/../../../../arm-none-eabi/lib/armv7-m\libm.a(lib_a-k_cos.o)
 .comment       0x0000000000000000       0x68 c:/stm32/gcc-arm-none-eabi-4_8-131228/bin/../lib/gcc/arm-none-eabi/4.8.3/../../../../arm-none-eabi/lib/armv7-m\libm.a(lib_a-k_rem_pio2.o)
 .comment       0x0000000000000000       0x68 c:/stm32/gcc-arm-none-eabi-4_8-131228/bin/../lib/gcc/arm-none-eabi/4.8.3/../../../../arm-none-eabi/lib/armv7-m\libm.a(lib_a-k_sin.o)
 .comment       0x0000000000000000       0x68 c:/stm32/gcc-arm-none-eabi-4_8-131228/bin/../lib/gcc/arm-none-eabi/4.8.3/../../../../arm-none-eabi/lib/armv7-m\libm.a(lib_a-s_fabs.o)
 .comment       0x0000000000000000       0x68 c:/stm32/gcc-arm-none-eabi-4_8-131228/bin/../lib/gcc/arm-none-eabi/4.8.3/../../../../arm-none-eabi/lib/armv7-m\libm.a(lib_a-s_floor.o)
 .comment       0x0000000000000000       0x68 c:/stm32/gcc-arm-none-eabi-4_8-131228/bin/../lib/gcc/arm-none-eabi/4.8.3/../../../../arm-none-eabi/lib/armv7-m\libm.a(lib_a-s_scalbn.o)
 .comment       0x0000000000000000       0x68 c:/stm32/gcc-arm-none-eabi-4_8-131228/bin/../lib/gcc/arm-none-eabi/4.8.3/../../../../arm-none-eabi/lib/armv7-m\libm.a(lib_a-s_copysign.o)
 .comment       0x0000000000000000       0x68 c:/stm32/gcc-arm-none-eabi-4_8-131228/bin/../lib/gcc/arm-none-eabi/4.8.3/armv7-m\libgcc.a(bpabi.o)
 .comment       0x0000000000000000       0x68 c:/stm32/gcc-arm-none-eabi-4_8-131228/bin/../lib/gcc/arm-none-eabi/4.8.3/armv7-m\libgcc.a(_divdi3.o)
 .comment       0x0000000000000000       0x68 c:/stm32/gcc-arm-none-eabi-4_8-131228/bin/../lib/gcc/arm-none-eabi/4.8.3/armv7-m\libgcc.a(_udivdi3.o)

.ARM.attributes
                0x0000000000000000       0x33
 .ARM.attributes
                0x0000000000000000       0x33 src\main.o
 .ARM.attributes
                0x0000000000000033       0x33 src\MyFun\main_fun.o
 .ARM.attributes
                0x0000000000000066       0x33 src\MyFun\init_fun.o
 .ARM.attributes
                0x0000000000000099       0x33 src\MyFun\handlers.o
 .ARM.attributes
                0x00000000000000cc       0x33 libs\cmsis\src\vectors_stm32f10x.o
 .ARM.attributes
                0x00000000000000ff       0x33 libs\cmsis\src\system_stm32f10x.o
 .ARM.attributes
                0x0000000000000132       0x33 libs\cmsis\src\startup_stm32f10x.o
 .ARM.attributes
                0x0000000000000165       0x33 libs\cmsis\src\startup_cm.o
 .ARM.attributes
                0x0000000000000198       0x33 libs\StdPeriph\src\stm32f10x_usart.o
 .ARM.attributes
                0x00000000000001cb       0x33 libs\StdPeriph\src\stm32f10x_tim.o
 .ARM.attributes
                0x00000000000001fe       0x33 libs\StdPeriph\src\stm32f10x_rcc.o
 .ARM.attributes
                0x0000000000000231       0x33 libs\StdPeriph\src\stm32f10x_gpio.o
 .ARM.attributes
                0x0000000000000264       0x33 libs\StdPeriph\src\stm32f10x_flash.o
 .ARM.attributes
                0x0000000000000297       0x33 libs\StdPeriph\src\stm32f10x_dma.o
 .ARM.attributes
                0x00000000000002ca       0x33 libs\StdPeriph\src\stm32f10x_adc.o
 .ARM.attributes
                0x00000000000002fd       0x33 libs\StdPeriph\src\misc.o
 .ARM.attributes
                0x0000000000000330       0x2d c:/stm32/gcc-arm-none-eabi-4_8-131228/bin/../lib/gcc/arm-none-eabi/4.8.3/../../../../arm-none-eabi/lib/armv7-m\libm.a(lib_a-s_sin.o)
 .ARM.attributes
                0x000000000000035d       0x2d c:/stm32/gcc-arm-none-eabi-4_8-131228/bin/../lib/gcc/arm-none-eabi/4.8.3/../../../../arm-none-eabi/lib/armv7-m\libm.a(lib_a-e_rem_pio2.o)
 .ARM.attributes
                0x000000000000038a       0x2d c:/stm32/gcc-arm-none-eabi-4_8-131228/bin/../lib/gcc/arm-none-eabi/4.8.3/../../../../arm-none-eabi/lib/armv7-m\libm.a(lib_a-k_cos.o)
 .ARM.attributes
                0x00000000000003b7       0x2d c:/stm32/gcc-arm-none-eabi-4_8-131228/bin/../lib/gcc/arm-none-eabi/4.8.3/../../../../arm-none-eabi/lib/armv7-m\libm.a(lib_a-k_rem_pio2.o)
 .ARM.attributes
                0x00000000000003e4       0x2d c:/stm32/gcc-arm-none-eabi-4_8-131228/bin/../lib/gcc/arm-none-eabi/4.8.3/../../../../arm-none-eabi/lib/armv7-m\libm.a(lib_a-k_sin.o)
 .ARM.attributes
                0x0000000000000411       0x2d c:/stm32/gcc-arm-none-eabi-4_8-131228/bin/../lib/gcc/arm-none-eabi/4.8.3/../../../../arm-none-eabi/lib/armv7-m\libm.a(lib_a-s_fabs.o)
 .ARM.attributes
                0x000000000000043e       0x2d c:/stm32/gcc-arm-none-eabi-4_8-131228/bin/../lib/gcc/arm-none-eabi/4.8.3/../../../../arm-none-eabi/lib/armv7-m\libm.a(lib_a-s_floor.o)
 .ARM.attributes
                0x000000000000046b       0x2d c:/stm32/gcc-arm-none-eabi-4_8-131228/bin/../lib/gcc/arm-none-eabi/4.8.3/../../../../arm-none-eabi/lib/armv7-m\libm.a(lib_a-s_scalbn.o)
 .ARM.attributes
                0x0000000000000498       0x2d c:/stm32/gcc-arm-none-eabi-4_8-131228/bin/../lib/gcc/arm-none-eabi/4.8.3/../../../../arm-none-eabi/lib/armv7-m\libm.a(lib_a-s_copysign.o)
 .ARM.attributes
                0x00000000000004c5       0x1d c:/stm32/gcc-arm-none-eabi-4_8-131228/bin/../lib/gcc/arm-none-eabi/4.8.3/armv7-m\libgcc.a(_arm_addsubdf3.o)
 .ARM.attributes
                0x00000000000004e2       0x1d c:/stm32/gcc-arm-none-eabi-4_8-131228/bin/../lib/gcc/arm-none-eabi/4.8.3/armv7-m\libgcc.a(_arm_muldivdf3.o)
 .ARM.attributes
                0x00000000000004ff       0x1d c:/stm32/gcc-arm-none-eabi-4_8-131228/bin/../lib/gcc/arm-none-eabi/4.8.3/armv7-m\libgcc.a(_arm_cmpdf2.o)
 .ARM.attributes
                0x000000000000051c       0x1d c:/stm32/gcc-arm-none-eabi-4_8-131228/bin/../lib/gcc/arm-none-eabi/4.8.3/armv7-m\libgcc.a(_arm_fixdfsi.o)
 .ARM.attributes
                0x0000000000000539       0x1d c:/stm32/gcc-arm-none-eabi-4_8-131228/bin/../lib/gcc/arm-none-eabi/4.8.3/armv7-m\libgcc.a(_aeabi_ldivmod.o)
 .ARM.attributes
                0x0000000000000556       0x2d c:/stm32/gcc-arm-none-eabi-4_8-131228/bin/../lib/gcc/arm-none-eabi/4.8.3/armv7-m\libgcc.a(bpabi.o)
 .ARM.attributes
                0x0000000000000583       0x1d c:/stm32/gcc-arm-none-eabi-4_8-131228/bin/../lib/gcc/arm-none-eabi/4.8.3/armv7-m\libgcc.a(_dvmd_tls.o)
 .ARM.attributes
                0x00000000000005a0       0x2d c:/stm32/gcc-arm-none-eabi-4_8-131228/bin/../lib/gcc/arm-none-eabi/4.8.3/armv7-m\libgcc.a(_divdi3.o)
 .ARM.attributes
                0x00000000000005cd       0x2d c:/stm32/gcc-arm-none-eabi-4_8-131228/bin/../lib/gcc/arm-none-eabi/4.8.3/armv7-m\libgcc.a(_udivdi3.o)

.debug
 *(.debug)

.line
 *(.line)

.debug_srcinfo
 *(.debug_srcinfo)

.debug_sfnames
 *(.debug_sfnames)

.debug_aranges  0x0000000000000000      0xd68
 *(.debug_aranges)
 .debug_aranges
                0x0000000000000000       0x28 src\main.o
 .debug_aranges
                0x0000000000000028       0xb8 src\MyFun\main_fun.o
 .debug_aranges
                0x00000000000000e0       0x90 src\MyFun\init_fun.o
 .debug_aranges
                0x0000000000000170       0x30 src\MyFun\handlers.o
 .debug_aranges
                0x00000000000001a0       0x68 libs\cmsis\src\vectors_stm32f10x.o
 .debug_aranges
                0x0000000000000208       0x38 libs\cmsis\src\system_stm32f10x.o
 .debug_aranges
                0x0000000000000240       0x20 libs\cmsis\src\startup_stm32f10x.o
 .debug_aranges
                0x0000000000000260       0x38 libs\cmsis\src\startup_cm.o
 .debug_aranges
                0x0000000000000298      0x100 libs\StdPeriph\src\stm32f10x_usart.o
 .debug_aranges
                0x0000000000000398      0x2f0 libs\StdPeriph\src\stm32f10x_tim.o
 .debug_aranges
                0x0000000000000688      0x118 libs\StdPeriph\src\stm32f10x_rcc.o
 .debug_aranges
                0x00000000000007a0       0xa8 libs\StdPeriph\src\stm32f10x_gpio.o
 .debug_aranges
                0x0000000000000848       0xf8 libs\StdPeriph\src\stm32f10x_flash.o
 .debug_aranges
                0x0000000000000940       0x70 libs\StdPeriph\src\stm32f10x_dma.o
 .debug_aranges
                0x00000000000009b0      0x138 libs\StdPeriph\src\stm32f10x_adc.o
 .debug_aranges
                0x0000000000000ae8       0x40 libs\StdPeriph\src\misc.o
 .debug_aranges
                0x0000000000000b28       0x20 c:/stm32/gcc-arm-none-eabi-4_8-131228/bin/../lib/gcc/arm-none-eabi/4.8.3/../../../../arm-none-eabi/lib/armv7-m\libm.a(lib_a-s_sin.o)
 .debug_aranges
                0x0000000000000b48       0x20 c:/stm32/gcc-arm-none-eabi-4_8-131228/bin/../lib/gcc/arm-none-eabi/4.8.3/../../../../arm-none-eabi/lib/armv7-m\libm.a(lib_a-e_rem_pio2.o)
 .debug_aranges
                0x0000000000000b68       0x20 c:/stm32/gcc-arm-none-eabi-4_8-131228/bin/../lib/gcc/arm-none-eabi/4.8.3/../../../../arm-none-eabi/lib/armv7-m\libm.a(lib_a-k_cos.o)
 .debug_aranges
                0x0000000000000b88       0x20 c:/stm32/gcc-arm-none-eabi-4_8-131228/bin/../lib/gcc/arm-none-eabi/4.8.3/../../../../arm-none-eabi/lib/armv7-m\libm.a(lib_a-k_rem_pio2.o)
 .debug_aranges
                0x0000000000000ba8       0x20 c:/stm32/gcc-arm-none-eabi-4_8-131228/bin/../lib/gcc/arm-none-eabi/4.8.3/../../../../arm-none-eabi/lib/armv7-m\libm.a(lib_a-k_sin.o)
 .debug_aranges
                0x0000000000000bc8       0x20 c:/stm32/gcc-arm-none-eabi-4_8-131228/bin/../lib/gcc/arm-none-eabi/4.8.3/../../../../arm-none-eabi/lib/armv7-m\libm.a(lib_a-s_fabs.o)
 .debug_aranges
                0x0000000000000be8       0x20 c:/stm32/gcc-arm-none-eabi-4_8-131228/bin/../lib/gcc/arm-none-eabi/4.8.3/../../../../arm-none-eabi/lib/armv7-m\libm.a(lib_a-s_floor.o)
 .debug_aranges
                0x0000000000000c08       0x20 c:/stm32/gcc-arm-none-eabi-4_8-131228/bin/../lib/gcc/arm-none-eabi/4.8.3/../../../../arm-none-eabi/lib/armv7-m\libm.a(lib_a-s_scalbn.o)
 .debug_aranges
                0x0000000000000c28       0x20 c:/stm32/gcc-arm-none-eabi-4_8-131228/bin/../lib/gcc/arm-none-eabi/4.8.3/../../../../arm-none-eabi/lib/armv7-m\libm.a(lib_a-s_copysign.o)
 .debug_aranges
                0x0000000000000c48       0x20 c:/stm32/gcc-arm-none-eabi-4_8-131228/bin/../lib/gcc/arm-none-eabi/4.8.3/armv7-m\libgcc.a(_arm_addsubdf3.o)
 .debug_aranges
                0x0000000000000c68       0x20 c:/stm32/gcc-arm-none-eabi-4_8-131228/bin/../lib/gcc/arm-none-eabi/4.8.3/armv7-m\libgcc.a(_arm_muldivdf3.o)
 .debug_aranges
                0x0000000000000c88       0x20 c:/stm32/gcc-arm-none-eabi-4_8-131228/bin/../lib/gcc/arm-none-eabi/4.8.3/armv7-m\libgcc.a(_arm_cmpdf2.o)
 .debug_aranges
                0x0000000000000ca8       0x20 c:/stm32/gcc-arm-none-eabi-4_8-131228/bin/../lib/gcc/arm-none-eabi/4.8.3/armv7-m\libgcc.a(_arm_fixdfsi.o)
 .debug_aranges
                0x0000000000000cc8       0x20 c:/stm32/gcc-arm-none-eabi-4_8-131228/bin/../lib/gcc/arm-none-eabi/4.8.3/armv7-m\libgcc.a(_aeabi_ldivmod.o)
 .debug_aranges
                0x0000000000000ce8       0x20 c:/stm32/gcc-arm-none-eabi-4_8-131228/bin/../lib/gcc/arm-none-eabi/4.8.3/armv7-m\libgcc.a(bpabi.o)
 .debug_aranges
                0x0000000000000d08       0x20 c:/stm32/gcc-arm-none-eabi-4_8-131228/bin/../lib/gcc/arm-none-eabi/4.8.3/armv7-m\libgcc.a(_dvmd_tls.o)
 .debug_aranges
                0x0000000000000d28       0x20 c:/stm32/gcc-arm-none-eabi-4_8-131228/bin/../lib/gcc/arm-none-eabi/4.8.3/armv7-m\libgcc.a(_divdi3.o)
 .debug_aranges
                0x0000000000000d48       0x20 c:/stm32/gcc-arm-none-eabi-4_8-131228/bin/../lib/gcc/arm-none-eabi/4.8.3/armv7-m\libgcc.a(_udivdi3.o)

.debug_pubnames
 *(.debug_pubnames)

.debug_info     0x0000000000000000     0xa5b6
 *(.debug_info .gnu.linkonce.wi.*)
 .debug_info    0x0000000000000000      0x3b4 src\main.o
 .debug_info    0x00000000000003b4      0x9a2 src\MyFun\main_fun.o
 .debug_info    0x0000000000000d56     0x1202 src\MyFun\init_fun.o
 .debug_info    0x0000000000001f58      0x6bc src\MyFun\handlers.o
 .debug_info    0x0000000000002614      0x14e libs\cmsis\src\vectors_stm32f10x.o
 .debug_info    0x0000000000002762      0x43c libs\cmsis\src\system_stm32f10x.o
 .debug_info    0x0000000000002b9e       0xaa libs\cmsis\src\startup_stm32f10x.o
 .debug_info    0x0000000000002c48      0x29c libs\cmsis\src\startup_cm.o
 .debug_info    0x0000000000002ee4      0x9da libs\StdPeriph\src\stm32f10x_usart.o
 .debug_info    0x00000000000038be     0x1c4a libs\StdPeriph\src\stm32f10x_tim.o
 .debug_info    0x0000000000005508      0x87f libs\StdPeriph\src\stm32f10x_rcc.o
 .debug_info    0x0000000000005d87      0x6d9 libs\StdPeriph\src\stm32f10x_gpio.o
 .debug_info    0x0000000000006460      0x7a3 libs\StdPeriph\src\stm32f10x_flash.o
 .debug_info    0x0000000000006c03      0x465 libs\StdPeriph\src\stm32f10x_dma.o
 .debug_info    0x0000000000007068      0xb66 libs\StdPeriph\src\stm32f10x_adc.o
 .debug_info    0x0000000000007bce      0x4f1 libs\StdPeriph\src\misc.o
 .debug_info    0x00000000000080bf      0x1b7 c:/stm32/gcc-arm-none-eabi-4_8-131228/bin/../lib/gcc/arm-none-eabi/4.8.3/../../../../arm-none-eabi/lib/armv7-m\libm.a(lib_a-s_sin.o)
 .debug_info    0x0000000000008276      0x3f8 c:/stm32/gcc-arm-none-eabi-4_8-131228/bin/../lib/gcc/arm-none-eabi/4.8.3/../../../../arm-none-eabi/lib/armv7-m\libm.a(lib_a-e_rem_pio2.o)
 .debug_info    0x000000000000866e      0x21c c:/stm32/gcc-arm-none-eabi-4_8-131228/bin/../lib/gcc/arm-none-eabi/4.8.3/../../../../arm-none-eabi/lib/armv7-m\libm.a(lib_a-k_cos.o)
 .debug_info    0x000000000000888a      0x36c c:/stm32/gcc-arm-none-eabi-4_8-131228/bin/../lib/gcc/arm-none-eabi/4.8.3/../../../../arm-none-eabi/lib/armv7-m\libm.a(lib_a-k_rem_pio2.o)
 .debug_info    0x0000000000008bf6      0x194 c:/stm32/gcc-arm-none-eabi-4_8-131228/bin/../lib/gcc/arm-none-eabi/4.8.3/../../../../arm-none-eabi/lib/armv7-m\libm.a(lib_a-k_sin.o)
 .debug_info    0x0000000000008d8a      0x132 c:/stm32/gcc-arm-none-eabi-4_8-131228/bin/../lib/gcc/arm-none-eabi/4.8.3/../../../../arm-none-eabi/lib/armv7-m\libm.a(lib_a-s_fabs.o)
 .debug_info    0x0000000000008ebc      0x1a9 c:/stm32/gcc-arm-none-eabi-4_8-131228/bin/../lib/gcc/arm-none-eabi/4.8.3/../../../../arm-none-eabi/lib/armv7-m\libm.a(lib_a-s_floor.o)
 .debug_info    0x0000000000009065      0x269 c:/stm32/gcc-arm-none-eabi-4_8-131228/bin/../lib/gcc/arm-none-eabi/4.8.3/../../../../arm-none-eabi/lib/armv7-m\libm.a(lib_a-s_scalbn.o)
 .debug_info    0x00000000000092ce      0x14d c:/stm32/gcc-arm-none-eabi-4_8-131228/bin/../lib/gcc/arm-none-eabi/4.8.3/../../../../arm-none-eabi/lib/armv7-m\libm.a(lib_a-s_copysign.o)
 .debug_info    0x000000000000941b       0xd8 c:/stm32/gcc-arm-none-eabi-4_8-131228/bin/../lib/gcc/arm-none-eabi/4.8.3/armv7-m\libgcc.a(_arm_addsubdf3.o)
 .debug_info    0x00000000000094f3       0xd8 c:/stm32/gcc-arm-none-eabi-4_8-131228/bin/../lib/gcc/arm-none-eabi/4.8.3/armv7-m\libgcc.a(_arm_muldivdf3.o)
 .debug_info    0x00000000000095cb       0xd8 c:/stm32/gcc-arm-none-eabi-4_8-131228/bin/../lib/gcc/arm-none-eabi/4.8.3/armv7-m\libgcc.a(_arm_cmpdf2.o)
 .debug_info    0x00000000000096a3       0xd8 c:/stm32/gcc-arm-none-eabi-4_8-131228/bin/../lib/gcc/arm-none-eabi/4.8.3/armv7-m\libgcc.a(_arm_fixdfsi.o)
 .debug_info    0x000000000000977b       0xd3 c:/stm32/gcc-arm-none-eabi-4_8-131228/bin/../lib/gcc/arm-none-eabi/4.8.3/armv7-m\libgcc.a(_aeabi_ldivmod.o)
 .debug_info    0x000000000000984e      0x160 c:/stm32/gcc-arm-none-eabi-4_8-131228/bin/../lib/gcc/arm-none-eabi/4.8.3/armv7-m\libgcc.a(bpabi.o)
 .debug_info    0x00000000000099ae       0xd7 c:/stm32/gcc-arm-none-eabi-4_8-131228/bin/../lib/gcc/arm-none-eabi/4.8.3/armv7-m\libgcc.a(_dvmd_tls.o)
 .debug_info    0x0000000000009a85      0x5b3 c:/stm32/gcc-arm-none-eabi-4_8-131228/bin/../lib/gcc/arm-none-eabi/4.8.3/armv7-m\libgcc.a(_divdi3.o)
 .debug_info    0x000000000000a038      0x57e c:/stm32/gcc-arm-none-eabi-4_8-131228/bin/../lib/gcc/arm-none-eabi/4.8.3/armv7-m\libgcc.a(_udivdi3.o)

.debug_abbrev   0x0000000000000000     0x2469
 *(.debug_abbrev)
 .debug_abbrev  0x0000000000000000      0x153 src\main.o
 .debug_abbrev  0x0000000000000153      0x20c src\MyFun\main_fun.o
 .debug_abbrev  0x000000000000035f      0x25a src\MyFun\init_fun.o
 .debug_abbrev  0x00000000000005b9      0x137 src\MyFun\handlers.o
 .debug_abbrev  0x00000000000006f0       0xcd libs\cmsis\src\vectors_stm32f10x.o
 .debug_abbrev  0x00000000000007bd      0x17c libs\cmsis\src\system_stm32f10x.o
 .debug_abbrev  0x0000000000000939       0x6e libs\cmsis\src\startup_stm32f10x.o
 .debug_abbrev  0x00000000000009a7      0x128 libs\cmsis\src\startup_cm.o
 .debug_abbrev  0x0000000000000acf      0x167 libs\StdPeriph\src\stm32f10x_usart.o
 .debug_abbrev  0x0000000000000c36      0x1b5 libs\StdPeriph\src\stm32f10x_tim.o
 .debug_abbrev  0x0000000000000deb      0x1bf libs\StdPeriph\src\stm32f10x_rcc.o
 .debug_abbrev  0x0000000000000faa      0x1cd libs\StdPeriph\src\stm32f10x_gpio.o
 .debug_abbrev  0x0000000000001177      0x190 libs\StdPeriph\src\stm32f10x_flash.o
 .debug_abbrev  0x0000000000001307      0x15a libs\StdPeriph\src\stm32f10x_dma.o
 .debug_abbrev  0x0000000000001461      0x19d libs\StdPeriph\src\stm32f10x_adc.o
 .debug_abbrev  0x00000000000015fe      0x159 libs\StdPeriph\src\misc.o
 .debug_abbrev  0x0000000000001757      0x106 c:/stm32/gcc-arm-none-eabi-4_8-131228/bin/../lib/gcc/arm-none-eabi/4.8.3/../../../../arm-none-eabi/lib/armv7-m\libm.a(lib_a-s_sin.o)
 .debug_abbrev  0x000000000000185d      0x191 c:/stm32/gcc-arm-none-eabi-4_8-131228/bin/../lib/gcc/arm-none-eabi/4.8.3/../../../../arm-none-eabi/lib/armv7-m\libm.a(lib_a-e_rem_pio2.o)
 .debug_abbrev  0x00000000000019ee       0xe0 c:/stm32/gcc-arm-none-eabi-4_8-131228/bin/../lib/gcc/arm-none-eabi/4.8.3/../../../../arm-none-eabi/lib/armv7-m\libm.a(lib_a-k_cos.o)
 .debug_abbrev  0x0000000000001ace      0x156 c:/stm32/gcc-arm-none-eabi-4_8-131228/bin/../lib/gcc/arm-none-eabi/4.8.3/../../../../arm-none-eabi/lib/armv7-m\libm.a(lib_a-k_rem_pio2.o)
 .debug_abbrev  0x0000000000001c24       0xa1 c:/stm32/gcc-arm-none-eabi-4_8-131228/bin/../lib/gcc/arm-none-eabi/4.8.3/../../../../arm-none-eabi/lib/armv7-m\libm.a(lib_a-k_sin.o)
 .debug_abbrev  0x0000000000001cc5       0xc6 c:/stm32/gcc-arm-none-eabi-4_8-131228/bin/../lib/gcc/arm-none-eabi/4.8.3/../../../../arm-none-eabi/lib/armv7-m\libm.a(lib_a-s_fabs.o)
 .debug_abbrev  0x0000000000001d8b       0xe9 c:/stm32/gcc-arm-none-eabi-4_8-131228/bin/../lib/gcc/arm-none-eabi/4.8.3/../../../../arm-none-eabi/lib/armv7-m\libm.a(lib_a-s_floor.o)
 .debug_abbrev  0x0000000000001e74      0x136 c:/stm32/gcc-arm-none-eabi-4_8-131228/bin/../lib/gcc/arm-none-eabi/4.8.3/../../../../arm-none-eabi/lib/armv7-m\libm.a(lib_a-s_scalbn.o)
 .debug_abbrev  0x0000000000001faa       0xe4 c:/stm32/gcc-arm-none-eabi-4_8-131228/bin/../lib/gcc/arm-none-eabi/4.8.3/../../../../arm-none-eabi/lib/armv7-m\libm.a(lib_a-s_copysign.o)
 .debug_abbrev  0x000000000000208e       0x14 c:/stm32/gcc-arm-none-eabi-4_8-131228/bin/../lib/gcc/arm-none-eabi/4.8.3/armv7-m\libgcc.a(_arm_addsubdf3.o)
 .debug_abbrev  0x00000000000020a2       0x14 c:/stm32/gcc-arm-none-eabi-4_8-131228/bin/../lib/gcc/arm-none-eabi/4.8.3/armv7-m\libgcc.a(_arm_muldivdf3.o)
 .debug_abbrev  0x00000000000020b6       0x14 c:/stm32/gcc-arm-none-eabi-4_8-131228/bin/../lib/gcc/arm-none-eabi/4.8.3/armv7-m\libgcc.a(_arm_cmpdf2.o)
 .debug_abbrev  0x00000000000020ca       0x14 c:/stm32/gcc-arm-none-eabi-4_8-131228/bin/../lib/gcc/arm-none-eabi/4.8.3/armv7-m\libgcc.a(_arm_fixdfsi.o)
 .debug_abbrev  0x00000000000020de       0x14 c:/stm32/gcc-arm-none-eabi-4_8-131228/bin/../lib/gcc/arm-none-eabi/4.8.3/armv7-m\libgcc.a(_aeabi_ldivmod.o)
 .debug_abbrev  0x00000000000020f2       0xb5 c:/stm32/gcc-arm-none-eabi-4_8-131228/bin/../lib/gcc/arm-none-eabi/4.8.3/armv7-m\libgcc.a(bpabi.o)
 .debug_abbrev  0x00000000000021a7       0x14 c:/stm32/gcc-arm-none-eabi-4_8-131228/bin/../lib/gcc/arm-none-eabi/4.8.3/armv7-m\libgcc.a(_dvmd_tls.o)
 .debug_abbrev  0x00000000000021bb      0x15a c:/stm32/gcc-arm-none-eabi-4_8-131228/bin/../lib/gcc/arm-none-eabi/4.8.3/armv7-m\libgcc.a(_divdi3.o)
 .debug_abbrev  0x0000000000002315      0x154 c:/stm32/gcc-arm-none-eabi-4_8-131228/bin/../lib/gcc/arm-none-eabi/4.8.3/armv7-m\libgcc.a(_udivdi3.o)

.debug_line     0x0000000000000000     0x7318
 *(.debug_line)
 .debug_line    0x0000000000000000      0x528 src\main.o
 .debug_line    0x0000000000000528      0x7ab src\MyFun\main_fun.o
 .debug_line    0x0000000000000cd3      0x781 src\MyFun\init_fun.o
 .debug_line    0x0000000000001454      0x640 src\MyFun\handlers.o
 .debug_line    0x0000000000001a94       0x90 libs\cmsis\src\vectors_stm32f10x.o
 .debug_line    0x0000000000001b24      0x463 libs\cmsis\src\system_stm32f10x.o
 .debug_line    0x0000000000001f87      0x3d9 libs\cmsis\src\startup_stm32f10x.o
 .debug_line    0x0000000000002360      0x264 libs\cmsis\src\startup_cm.o
 .debug_line    0x00000000000025c4      0x65f libs\StdPeriph\src\stm32f10x_usart.o
 .debug_line    0x0000000000002c23      0xc55 libs\StdPeriph\src\stm32f10x_tim.o
 .debug_line    0x0000000000003878      0x697 libs\StdPeriph\src\stm32f10x_rcc.o
 .debug_line    0x0000000000003f0f      0x588 libs\StdPeriph\src\stm32f10x_gpio.o
 .debug_line    0x0000000000004497      0x6b2 libs\StdPeriph\src\stm32f10x_flash.o
 .debug_line    0x0000000000004b49      0x4de libs\StdPeriph\src\stm32f10x_dma.o
 .debug_line    0x0000000000005027      0x6fc libs\StdPeriph\src\stm32f10x_adc.o
 .debug_line    0x0000000000005723      0x428 libs\StdPeriph\src\misc.o
 .debug_line    0x0000000000005b4b      0x180 c:/stm32/gcc-arm-none-eabi-4_8-131228/bin/../lib/gcc/arm-none-eabi/4.8.3/../../../../arm-none-eabi/lib/armv7-m\libm.a(lib_a-s_sin.o)
 .debug_line    0x0000000000005ccb      0x20a c:/stm32/gcc-arm-none-eabi-4_8-131228/bin/../lib/gcc/arm-none-eabi/4.8.3/../../../../arm-none-eabi/lib/armv7-m\libm.a(lib_a-e_rem_pio2.o)
 .debug_line    0x0000000000005ed5      0x14d c:/stm32/gcc-arm-none-eabi-4_8-131228/bin/../lib/gcc/arm-none-eabi/4.8.3/../../../../arm-none-eabi/lib/armv7-m\libm.a(lib_a-k_cos.o)
 .debug_line    0x0000000000006022      0x30e c:/stm32/gcc-arm-none-eabi-4_8-131228/bin/../lib/gcc/arm-none-eabi/4.8.3/../../../../arm-none-eabi/lib/armv7-m\libm.a(lib_a-k_rem_pio2.o)
 .debug_line    0x0000000000006330       0xe8 c:/stm32/gcc-arm-none-eabi-4_8-131228/bin/../lib/gcc/arm-none-eabi/4.8.3/../../../../arm-none-eabi/lib/armv7-m\libm.a(lib_a-k_sin.o)
 .debug_line    0x0000000000006418      0x155 c:/stm32/gcc-arm-none-eabi-4_8-131228/bin/../lib/gcc/arm-none-eabi/4.8.3/../../../../arm-none-eabi/lib/armv7-m\libm.a(lib_a-s_fabs.o)
 .debug_line    0x000000000000656d      0x1c3 c:/stm32/gcc-arm-none-eabi-4_8-131228/bin/../lib/gcc/arm-none-eabi/4.8.3/../../../../arm-none-eabi/lib/armv7-m\libm.a(lib_a-s_floor.o)
 .debug_line    0x0000000000006730      0x134 c:/stm32/gcc-arm-none-eabi-4_8-131228/bin/../lib/gcc/arm-none-eabi/4.8.3/../../../../arm-none-eabi/lib/armv7-m\libm.a(lib_a-s_scalbn.o)
 .debug_line    0x0000000000006864      0x10b c:/stm32/gcc-arm-none-eabi-4_8-131228/bin/../lib/gcc/arm-none-eabi/4.8.3/../../../../arm-none-eabi/lib/armv7-m\libm.a(lib_a-s_copysign.o)
 .debug_line    0x000000000000696f      0x218 c:/stm32/gcc-arm-none-eabi-4_8-131228/bin/../lib/gcc/arm-none-eabi/4.8.3/armv7-m\libgcc.a(_arm_addsubdf3.o)
 .debug_line    0x0000000000006b87      0x239 c:/stm32/gcc-arm-none-eabi-4_8-131228/bin/../lib/gcc/arm-none-eabi/4.8.3/armv7-m\libgcc.a(_arm_muldivdf3.o)
 .debug_line    0x0000000000006dc0      0x11f c:/stm32/gcc-arm-none-eabi-4_8-131228/bin/../lib/gcc/arm-none-eabi/4.8.3/armv7-m\libgcc.a(_arm_cmpdf2.o)
 .debug_line    0x0000000000006edf       0x99 c:/stm32/gcc-arm-none-eabi-4_8-131228/bin/../lib/gcc/arm-none-eabi/4.8.3/armv7-m\libgcc.a(_arm_fixdfsi.o)
 .debug_line    0x0000000000006f78       0x84 c:/stm32/gcc-arm-none-eabi-4_8-131228/bin/../lib/gcc/arm-none-eabi/4.8.3/armv7-m\libgcc.a(_aeabi_ldivmod.o)
 .debug_line    0x0000000000006ffc       0x84 c:/stm32/gcc-arm-none-eabi-4_8-131228/bin/../lib/gcc/arm-none-eabi/4.8.3/armv7-m\libgcc.a(bpabi.o)
 .debug_line    0x0000000000007080       0x80 c:/stm32/gcc-arm-none-eabi-4_8-131228/bin/../lib/gcc/arm-none-eabi/4.8.3/armv7-m\libgcc.a(_dvmd_tls.o)
 .debug_line    0x0000000000007100      0x107 c:/stm32/gcc-arm-none-eabi-4_8-131228/bin/../lib/gcc/arm-none-eabi/4.8.3/armv7-m\libgcc.a(_divdi3.o)
 .debug_line    0x0000000000007207      0x111 c:/stm32/gcc-arm-none-eabi-4_8-131228/bin/../lib/gcc/arm-none-eabi/4.8.3/armv7-m\libgcc.a(_udivdi3.o)

.debug_frame    0x0000000000000000     0x25a8
 *(.debug_frame)
 .debug_frame   0x0000000000000000       0x4c src\main.o
 .debug_frame   0x000000000000004c      0x230 src\MyFun\main_fun.o
 .debug_frame   0x000000000000027c      0x1e4 src\MyFun\init_fun.o
 .debug_frame   0x0000000000000460       0x70 src\MyFun\handlers.o
 .debug_frame   0x00000000000004d0      0x104 libs\cmsis\src\vectors_stm32f10x.o
 .debug_frame   0x00000000000005d4       0x80 libs\cmsis\src\system_stm32f10x.o
 .debug_frame   0x0000000000000654       0x2c libs\cmsis\src\startup_stm32f10x.o
 .debug_frame   0x0000000000000680       0x90 libs\cmsis\src\startup_cm.o
 .debug_frame   0x0000000000000710      0x344 libs\StdPeriph\src\stm32f10x_usart.o
 .debug_frame   0x0000000000000a54      0xa20 libs\StdPeriph\src\stm32f10x_tim.o
 .debug_frame   0x0000000000001474      0x388 libs\StdPeriph\src\stm32f10x_rcc.o
 .debug_frame   0x00000000000017fc      0x210 libs\StdPeriph\src\stm32f10x_gpio.o
 .debug_frame   0x0000000000001a0c      0x338 libs\StdPeriph\src\stm32f10x_flash.o
 .debug_frame   0x0000000000001d44      0x144 libs\StdPeriph\src\stm32f10x_dma.o
 .debug_frame   0x0000000000001e88      0x400 libs\StdPeriph\src\stm32f10x_adc.o
 .debug_frame   0x0000000000002288       0x9c libs\StdPeriph\src\misc.o
 .debug_frame   0x0000000000002324       0x30 c:/stm32/gcc-arm-none-eabi-4_8-131228/bin/../lib/gcc/arm-none-eabi/4.8.3/../../../../arm-none-eabi/lib/armv7-m\libm.a(lib_a-s_sin.o)
 .debug_frame   0x0000000000002354       0x38 c:/stm32/gcc-arm-none-eabi-4_8-131228/bin/../lib/gcc/arm-none-eabi/4.8.3/../../../../arm-none-eabi/lib/armv7-m\libm.a(lib_a-e_rem_pio2.o)
 .debug_frame   0x000000000000238c       0x38 c:/stm32/gcc-arm-none-eabi-4_8-131228/bin/../lib/gcc/arm-none-eabi/4.8.3/../../../../arm-none-eabi/lib/armv7-m\libm.a(lib_a-k_cos.o)
 .debug_frame   0x00000000000023c4       0x3c c:/stm32/gcc-arm-none-eabi-4_8-131228/bin/../lib/gcc/arm-none-eabi/4.8.3/../../../../arm-none-eabi/lib/armv7-m\libm.a(lib_a-k_rem_pio2.o)
 .debug_frame   0x0000000000002400       0x38 c:/stm32/gcc-arm-none-eabi-4_8-131228/bin/../lib/gcc/arm-none-eabi/4.8.3/../../../../arm-none-eabi/lib/armv7-m\libm.a(lib_a-k_sin.o)
 .debug_frame   0x0000000000002438       0x20 c:/stm32/gcc-arm-none-eabi-4_8-131228/bin/../lib/gcc/arm-none-eabi/4.8.3/../../../../arm-none-eabi/lib/armv7-m\libm.a(lib_a-s_fabs.o)
 .debug_frame   0x0000000000002458       0x38 c:/stm32/gcc-arm-none-eabi-4_8-131228/bin/../lib/gcc/arm-none-eabi/4.8.3/../../../../arm-none-eabi/lib/armv7-m\libm.a(lib_a-s_floor.o)
 .debug_frame   0x0000000000002490       0x30 c:/stm32/gcc-arm-none-eabi-4_8-131228/bin/../lib/gcc/arm-none-eabi/4.8.3/../../../../arm-none-eabi/lib/armv7-m\libm.a(lib_a-s_scalbn.o)
 .debug_frame   0x00000000000024c0       0x28 c:/stm32/gcc-arm-none-eabi-4_8-131228/bin/../lib/gcc/arm-none-eabi/4.8.3/../../../../arm-none-eabi/lib/armv7-m\libm.a(lib_a-s_copysign.o)
 .debug_frame   0x00000000000024e8       0x58 c:/stm32/gcc-arm-none-eabi-4_8-131228/bin/../lib/gcc/arm-none-eabi/4.8.3/armv7-m\libgcc.a(bpabi.o)
 .debug_frame   0x0000000000002540       0x34 c:/stm32/gcc-arm-none-eabi-4_8-131228/bin/../lib/gcc/arm-none-eabi/4.8.3/armv7-m\libgcc.a(_divdi3.o)
 .debug_frame   0x0000000000002574       0x34 c:/stm32/gcc-arm-none-eabi-4_8-131228/bin/../lib/gcc/arm-none-eabi/4.8.3/armv7-m\libgcc.a(_udivdi3.o)

.debug_str      0x0000000000000000    0x55725
 *(.debug_str)
 .debug_str     0x0000000000000000    0x4ffe3 src\main.o
                                      0x501f2 (size before relaxing)
 .debug_str     0x000000000004ffe3      0x417 src\MyFun\main_fun.o
                                      0x4fbbd (size before relaxing)
 .debug_str     0x00000000000503fa      0xa33 src\MyFun\init_fun.o
                                      0x503ae (size before relaxing)
 .debug_str     0x0000000000050e2d       0x8c src\MyFun\handlers.o
                                      0x4f95f (size before relaxing)
 .debug_str     0x0000000000050eb9       0xdb libs\cmsis\src\vectors_stm32f10x.o
                                       0x24b9 (size before relaxing)
 .debug_str     0x0000000000050f94      0x11f libs\cmsis\src\system_stm32f10x.o
                                      0x4c60f (size before relaxing)
 .debug_str     0x00000000000510b3       0x2c libs\cmsis\src\startup_stm32f10x.o
                                      0x4c46b (size before relaxing)
 .debug_str     0x00000000000510df      0x4eb libs\cmsis\src\startup_cm.o
                                       0x344b (size before relaxing)
 .debug_str     0x00000000000515ca      0x7e5 libs\StdPeriph\src\stm32f10x_usart.o
                                      0x4cd6e (size before relaxing)
 .debug_str     0x0000000000051daf      0x9c0 libs\StdPeriph\src\stm32f10x_tim.o
                                      0x4d162 (size before relaxing)
 .debug_str     0x000000000005276f      0xa8a libs\StdPeriph\src\stm32f10x_rcc.o
                                      0x4d044 (size before relaxing)
 .debug_str     0x00000000000531f9      0x46e libs\StdPeriph\src\stm32f10x_gpio.o
                                      0x4ca5e (size before relaxing)
 .debug_str     0x0000000000053667      0x7d0 libs\StdPeriph\src\stm32f10x_flash.o
                                      0x4ccd0 (size before relaxing)
 .debug_str     0x0000000000053e37      0x5e8 libs\StdPeriph\src\stm32f10x_dma.o
                                      0x4cb8e (size before relaxing)
 .debug_str     0x000000000005441f      0xa76 libs\StdPeriph\src\stm32f10x_adc.o
                                      0x4d03a (size before relaxing)
 .debug_str     0x0000000000054e95      0x103 libs\StdPeriph\src\misc.o
                                      0x4c6e6 (size before relaxing)
 .debug_str     0x0000000000054f98      0x112 c:/stm32/gcc-arm-none-eabi-4_8-131228/bin/../lib/gcc/arm-none-eabi/4.8.3/../../../../arm-none-eabi/lib/armv7-m\libm.a(lib_a-s_sin.o)
                                        0x1c7 (size before relaxing)
 .debug_str     0x00000000000550aa       0xfb c:/stm32/gcc-arm-none-eabi-4_8-131228/bin/../lib/gcc/arm-none-eabi/4.8.3/../../../../arm-none-eabi/lib/armv7-m\libm.a(lib_a-e_rem_pio2.o)
                                        0x265 (size before relaxing)
 .debug_str     0x00000000000551a5       0x53 c:/stm32/gcc-arm-none-eabi-4_8-131228/bin/../lib/gcc/arm-none-eabi/4.8.3/../../../../arm-none-eabi/lib/armv7-m\libm.a(lib_a-k_cos.o)
                                        0x1da (size before relaxing)
 .debug_str     0x00000000000551f8       0x8f c:/stm32/gcc-arm-none-eabi-4_8-131228/bin/../lib/gcc/arm-none-eabi/4.8.3/../../../../arm-none-eabi/lib/armv7-m\libm.a(lib_a-k_rem_pio2.o)
                                        0x1f8 (size before relaxing)
 .debug_str     0x0000000000055287       0x4e c:/stm32/gcc-arm-none-eabi-4_8-131228/bin/../lib/gcc/arm-none-eabi/4.8.3/../../../../arm-none-eabi/lib/armv7-m\libm.a(lib_a-k_sin.o)
                                        0x1ac (size before relaxing)
 .debug_str     0x00000000000552d5       0x4f c:/stm32/gcc-arm-none-eabi-4_8-131228/bin/../lib/gcc/arm-none-eabi/4.8.3/../../../../arm-none-eabi/lib/armv7-m\libm.a(lib_a-s_fabs.o)
                                        0x1ce (size before relaxing)
 .debug_str     0x0000000000055324       0x61 c:/stm32/gcc-arm-none-eabi-4_8-131228/bin/../lib/gcc/arm-none-eabi/4.8.3/../../../../arm-none-eabi/lib/armv7-m\libm.a(lib_a-s_floor.o)
                                        0x1e6 (size before relaxing)
 .debug_str     0x0000000000055385       0x6e c:/stm32/gcc-arm-none-eabi-4_8-131228/bin/../lib/gcc/arm-none-eabi/4.8.3/../../../../arm-none-eabi/lib/armv7-m\libm.a(lib_a-s_scalbn.o)
                                        0x203 (size before relaxing)
 .debug_str     0x00000000000553f3       0x55 c:/stm32/gcc-arm-none-eabi-4_8-131228/bin/../lib/gcc/arm-none-eabi/4.8.3/../../../../arm-none-eabi/lib/armv7-m\libm.a(lib_a-s_copysign.o)
                                        0x1d3 (size before relaxing)
 .debug_str     0x0000000000055448      0x12f c:/stm32/gcc-arm-none-eabi-4_8-131228/bin/../lib/gcc/arm-none-eabi/4.8.3/armv7-m\libgcc.a(bpabi.o)
                                        0x154 (size before relaxing)
 .debug_str     0x0000000000055577      0x1ae c:/stm32/gcc-arm-none-eabi-4_8-131228/bin/../lib/gcc/arm-none-eabi/4.8.3/armv7-m\libgcc.a(_divdi3.o)
                                        0x269 (size before relaxing)
 .debug_str     0x0000000000000000      0x26a c:/stm32/gcc-arm-none-eabi-4_8-131228/bin/../lib/gcc/arm-none-eabi/4.8.3/armv7-m\libgcc.a(_udivdi3.o)

.debug_loc      0x0000000000000000     0x3322
 *(.debug_loc)
 .debug_loc     0x0000000000000000       0x7b c:/stm32/gcc-arm-none-eabi-4_8-131228/bin/../lib/gcc/arm-none-eabi/4.8.3/../../../../arm-none-eabi/lib/armv7-m\libm.a(lib_a-s_sin.o)
 .debug_loc     0x000000000000007b      0x643 c:/stm32/gcc-arm-none-eabi-4_8-131228/bin/../lib/gcc/arm-none-eabi/4.8.3/../../../../arm-none-eabi/lib/armv7-m\libm.a(lib_a-e_rem_pio2.o)
 .debug_loc     0x00000000000006be      0x227 c:/stm32/gcc-arm-none-eabi-4_8-131228/bin/../lib/gcc/arm-none-eabi/4.8.3/../../../../arm-none-eabi/lib/armv7-m\libm.a(lib_a-k_cos.o)
 .debug_loc     0x00000000000008e5      0x9e9 c:/stm32/gcc-arm-none-eabi-4_8-131228/bin/../lib/gcc/arm-none-eabi/4.8.3/../../../../arm-none-eabi/lib/armv7-m\libm.a(lib_a-k_rem_pio2.o)
 .debug_loc     0x00000000000012ce       0xfc c:/stm32/gcc-arm-none-eabi-4_8-131228/bin/../lib/gcc/arm-none-eabi/4.8.3/../../../../arm-none-eabi/lib/armv7-m\libm.a(lib_a-k_sin.o)
 .debug_loc     0x00000000000013ca       0x18 c:/stm32/gcc-arm-none-eabi-4_8-131228/bin/../lib/gcc/arm-none-eabi/4.8.3/../../../../arm-none-eabi/lib/armv7-m\libm.a(lib_a-s_fabs.o)
 .debug_loc     0x00000000000013e2      0x277 c:/stm32/gcc-arm-none-eabi-4_8-131228/bin/../lib/gcc/arm-none-eabi/4.8.3/../../../../arm-none-eabi/lib/armv7-m\libm.a(lib_a-s_floor.o)
 .debug_loc     0x0000000000001659      0x25d c:/stm32/gcc-arm-none-eabi-4_8-131228/bin/../lib/gcc/arm-none-eabi/4.8.3/../../../../arm-none-eabi/lib/armv7-m\libm.a(lib_a-s_scalbn.o)
 .debug_loc     0x00000000000018b6       0x53 c:/stm32/gcc-arm-none-eabi-4_8-131228/bin/../lib/gcc/arm-none-eabi/4.8.3/../../../../arm-none-eabi/lib/armv7-m\libm.a(lib_a-s_copysign.o)
 .debug_loc     0x0000000000001909       0xa0 c:/stm32/gcc-arm-none-eabi-4_8-131228/bin/../lib/gcc/arm-none-eabi/4.8.3/armv7-m\libgcc.a(bpabi.o)
 .debug_loc     0x00000000000019a9      0xc65 c:/stm32/gcc-arm-none-eabi-4_8-131228/bin/../lib/gcc/arm-none-eabi/4.8.3/armv7-m\libgcc.a(_divdi3.o)
 .debug_loc     0x000000000000260e      0xd14 c:/stm32/gcc-arm-none-eabi-4_8-131228/bin/../lib/gcc/arm-none-eabi/4.8.3/armv7-m\libgcc.a(_udivdi3.o)

.debug_macinfo
 *(.debug_macinfo)

.debug_weaknames
 *(.debug_weaknames)

.debug_funcnames
 *(.debug_funcnames)

.debug_typenames
 *(.debug_typenames)

.debug_varnames
 *(.debug_varnames)
OUTPUT(TeleChirurg-ModSilnika.elf elf32-littlearm)

.debug_ranges   0x0000000000000000      0xcf8
 .debug_ranges  0x0000000000000000       0x18 src\main.o
 .debug_ranges  0x0000000000000018       0xa8 src\MyFun\main_fun.o
 .debug_ranges  0x00000000000000c0       0x80 src\MyFun\init_fun.o
 .debug_ranges  0x0000000000000140       0x20 src\MyFun\handlers.o
 .debug_ranges  0x0000000000000160       0x58 libs\cmsis\src\vectors_stm32f10x.o
 .debug_ranges  0x00000000000001b8       0x28 libs\cmsis\src\system_stm32f10x.o
 .debug_ranges  0x00000000000001e0       0x10 libs\cmsis\src\startup_stm32f10x.o
 .debug_ranges  0x00000000000001f0       0x28 libs\cmsis\src\startup_cm.o
 .debug_ranges  0x0000000000000218       0xf0 libs\StdPeriph\src\stm32f10x_usart.o
 .debug_ranges  0x0000000000000308      0x2e0 libs\StdPeriph\src\stm32f10x_tim.o
 .debug_ranges  0x00000000000005e8      0x108 libs\StdPeriph\src\stm32f10x_rcc.o
 .debug_ranges  0x00000000000006f0       0x98 libs\StdPeriph\src\stm32f10x_gpio.o
 .debug_ranges  0x0000000000000788       0xe8 libs\StdPeriph\src\stm32f10x_flash.o
 .debug_ranges  0x0000000000000870       0x60 libs\StdPeriph\src\stm32f10x_dma.o
 .debug_ranges  0x00000000000008d0      0x128 libs\StdPeriph\src\stm32f10x_adc.o
 .debug_ranges  0x00000000000009f8       0x30 libs\StdPeriph\src\misc.o
 .debug_ranges  0x0000000000000a28       0x10 c:/stm32/gcc-arm-none-eabi-4_8-131228/bin/../lib/gcc/arm-none-eabi/4.8.3/../../../../arm-none-eabi/lib/armv7-m\libm.a(lib_a-s_sin.o)
 .debug_ranges  0x0000000000000a38       0x30 c:/stm32/gcc-arm-none-eabi-4_8-131228/bin/../lib/gcc/arm-none-eabi/4.8.3/../../../../arm-none-eabi/lib/armv7-m\libm.a(lib_a-e_rem_pio2.o)
 .debug_ranges  0x0000000000000a68       0x10 c:/stm32/gcc-arm-none-eabi-4_8-131228/bin/../lib/gcc/arm-none-eabi/4.8.3/../../../../arm-none-eabi/lib/armv7-m\libm.a(lib_a-k_cos.o)
 .debug_ranges  0x0000000000000a78       0x10 c:/stm32/gcc-arm-none-eabi-4_8-131228/bin/../lib/gcc/arm-none-eabi/4.8.3/../../../../arm-none-eabi/lib/armv7-m\libm.a(lib_a-k_rem_pio2.o)
 .debug_ranges  0x0000000000000a88       0x10 c:/stm32/gcc-arm-none-eabi-4_8-131228/bin/../lib/gcc/arm-none-eabi/4.8.3/../../../../arm-none-eabi/lib/armv7-m\libm.a(lib_a-k_sin.o)
 .debug_ranges  0x0000000000000a98       0x10 c:/stm32/gcc-arm-none-eabi-4_8-131228/bin/../lib/gcc/arm-none-eabi/4.8.3/../../../../arm-none-eabi/lib/armv7-m\libm.a(lib_a-s_fabs.o)
 .debug_ranges  0x0000000000000aa8       0x28 c:/stm32/gcc-arm-none-eabi-4_8-131228/bin/../lib/gcc/arm-none-eabi/4.8.3/../../../../arm-none-eabi/lib/armv7-m\libm.a(lib_a-s_floor.o)
 .debug_ranges  0x0000000000000ad0       0x28 c:/stm32/gcc-arm-none-eabi-4_8-131228/bin/../lib/gcc/arm-none-eabi/4.8.3/../../../../arm-none-eabi/lib/armv7-m\libm.a(lib_a-s_scalbn.o)
 .debug_ranges  0x0000000000000af8       0x10 c:/stm32/gcc-arm-none-eabi-4_8-131228/bin/../lib/gcc/arm-none-eabi/4.8.3/../../../../arm-none-eabi/lib/armv7-m\libm.a(lib_a-s_copysign.o)
 .debug_ranges  0x0000000000000b08       0xf0 c:/stm32/gcc-arm-none-eabi-4_8-131228/bin/../lib/gcc/arm-none-eabi/4.8.3/armv7-m\libgcc.a(_divdi3.o)
 .debug_ranges  0x0000000000000bf8      0x100 c:/stm32/gcc-arm-none-eabi-4_8-131228/bin/../lib/gcc/arm-none-eabi/4.8.3/armv7-m\libgcc.a(_udivdi3.o)

.debug_macro    0x0000000000000000     0xfc7d
 .debug_macro   0x0000000000000000      0x248 src\main.o
 .debug_macro   0x0000000000000248      0x85c src\main.o
 .debug_macro   0x0000000000000aa4       0x50 src\main.o
 .debug_macro   0x0000000000000af4       0x22 src\main.o
 .debug_macro   0x0000000000000b16       0x16 src\main.o
 .debug_macro   0x0000000000000b2c       0x44 src\main.o
 .debug_macro   0x0000000000000b70      0x209 src\main.o
 .debug_macro   0x0000000000000d79      0x69f src\main.o
 .debug_macro   0x0000000000001418     0x7dbe src\main.o
 .debug_macro   0x00000000000091d6      0x2df src\main.o
 .debug_macro   0x00000000000094b5      0x144 src\main.o
 .debug_macro   0x00000000000095f9      0x3cf src\main.o
 .debug_macro   0x00000000000099c8       0xc8 src\main.o
 .debug_macro   0x0000000000009a90      0x17a src\main.o
 .debug_macro   0x0000000000009c0a       0xac src\main.o
 .debug_macro   0x0000000000009cb6      0x3ad src\main.o
 .debug_macro   0x000000000000a063       0x9a src\main.o
 .debug_macro   0x000000000000a0fd      0x2cf src\main.o
 .debug_macro   0x000000000000a3cc      0x279 src\main.o
 .debug_macro   0x000000000000a645      0x2ac src\main.o
 .debug_macro   0x000000000000a8f1      0x2b1 src\main.o
 .debug_macro   0x000000000000aba2       0x64 src\main.o
 .debug_macro   0x000000000000ac06       0x82 src\main.o
 .debug_macro   0x000000000000ac88      0x3e2 src\main.o
 .debug_macro   0x000000000000b06a       0x58 src\main.o
 .debug_macro   0x000000000000b0c2      0x341 src\main.o
 .debug_macro   0x000000000000b403      0x2c4 src\main.o
 .debug_macro   0x000000000000b6c7      0x711 src\main.o
 .debug_macro   0x000000000000bdd8      0x220 src\main.o
 .debug_macro   0x000000000000bff8       0x34 src\main.o
 .debug_macro   0x000000000000c02c       0x8b src\main.o
 .debug_macro   0x000000000000c0b7       0x35 src\main.o
 .debug_macro   0x000000000000c0ec       0x46 src\main.o
 .debug_macro   0x000000000000c132       0x3c src\main.o
 .debug_macro   0x000000000000c16e       0xa3 src\main.o
 .debug_macro   0x000000000000c211      0x16d src\main.o
 .debug_macro   0x000000000000c37e       0x52 src\main.o
 .debug_macro   0x000000000000c3d0       0x16 src\main.o
 .debug_macro   0x000000000000c3e6       0x43 src\main.o
 .debug_macro   0x000000000000c429       0x7d src\main.o
 .debug_macro   0x000000000000c4a6       0x1c src\main.o
 .debug_macro   0x000000000000c4c2      0x123 src\main.o
 .debug_macro   0x000000000000c5e5      0x283 src\main.o
 .debug_macro   0x000000000000c868       0x10 src\main.o
 .debug_macro   0x000000000000c878       0x35 src\main.o
 .debug_macro   0x000000000000c8ad       0x1f src\main.o
 .debug_macro   0x000000000000c8cc      0x1b7 src\main.o
 .debug_macro   0x000000000000ca83      0x1e1 src\main.o
 .debug_macro   0x000000000000cc64      0x247 src\MyFun\main_fun.o
 .debug_macro   0x000000000000ceab      0x235 src\MyFun\init_fun.o
 .debug_macro   0x000000000000d0e0      0x235 src\MyFun\handlers.o
 .debug_macro   0x000000000000d315       0x11 libs\cmsis\src\vectors_stm32f10x.o
 .debug_macro   0x000000000000d326      0x167 libs\cmsis\src\system_stm32f10x.o
 .debug_macro   0x000000000000d48d      0x15a libs\cmsis\src\startup_stm32f10x.o
 .debug_macro   0x000000000000d5e7       0xa6 libs\cmsis\src\startup_cm.o
 .debug_macro   0x000000000000d68d      0x218 libs\StdPeriph\src\stm32f10x_usart.o
 .debug_macro   0x000000000000d8a5      0x21a libs\StdPeriph\src\stm32f10x_usart.o
 .debug_macro   0x000000000000dabf      0x17c libs\StdPeriph\src\stm32f10x_tim.o
 .debug_macro   0x000000000000dc3b      0x70b libs\StdPeriph\src\stm32f10x_tim.o
 .debug_macro   0x000000000000e346      0x280 libs\StdPeriph\src\stm32f10x_rcc.o
 .debug_macro   0x000000000000e5c6      0x3dc libs\StdPeriph\src\stm32f10x_rcc.o
 .debug_macro   0x000000000000e9a2      0x1b2 libs\StdPeriph\src\stm32f10x_gpio.o
 .debug_macro   0x000000000000eb54      0x2a6 libs\StdPeriph\src\stm32f10x_gpio.o
 .debug_macro   0x000000000000edfa      0x20c libs\StdPeriph\src\stm32f10x_flash.o
 .debug_macro   0x000000000000f006      0x2c9 libs\StdPeriph\src\stm32f10x_flash.o
 .debug_macro   0x000000000000f2cf      0x1b8 libs\StdPeriph\src\stm32f10x_dma.o
 .debug_macro   0x000000000000f487      0x3a7 libs\StdPeriph\src\stm32f10x_dma.o
 .debug_macro   0x000000000000f82e      0x260 libs\StdPeriph\src\stm32f10x_adc.o
 .debug_macro   0x000000000000fa8e      0x16a libs\StdPeriph\src\misc.o
 .debug_macro   0x000000000000fbf8       0x85 libs\StdPeriph\src\misc.o
